<?xml version="1.0"?>
<link_info>
   <banner>TI ARM Linker PC v16.9.4.LTS</banner>
   <copyright>Copyright (c) 1996-2017 Texas Instruments Incorporated</copyright>
   <link_time>0x59e9ef78</link_time>
   <link_errors>0x0</link_errors>
   <output_file>lab8.out</output_file>
   <entry_point>
      <name>_c_int00</name>
      <address>0x3db5</address>
   </entry_point>
   <input_file_list>
      <input_file id="fl-2">
         <path>.\</path>
         <kind>object</kind>
         <file>ST7735.obj</file>
         <name>ST7735.obj</name>
      </input_file>
      <input_file id="fl-3">
         <path>.\</path>
         <kind>object</kind>
         <file>main.obj</file>
         <name>main.obj</name>
      </input_file>
      <input_file id="fl-4">
         <path>.\</path>
         <kind>object</kind>
         <file>system_msp432p401r.obj</file>
         <name>system_msp432p401r.obj</name>
      </input_file>
      <input_file id="fl-5">
         <path>.\ccs\</path>
         <kind>object</kind>
         <file>startup_msp432p401r_ccs.obj</file>
         <name>startup_msp432p401r_ccs.obj</name>
      </input_file>
      <input_file id="fl-d">
         <kind>object</kind>
         <file>&lt;internal&gt;</file>
         <name>&lt;internal&gt;</name>
      </input_file>
      <input_file id="fl-e">
         <path>C:\ti\simplelink_msp432p4_sdk_1_50_00_12\source\ti\devices\msp432p4xx\driverlib\ccs\</path>
         <kind>archive</kind>
         <file>msp432p4xx_driverlib.lib</file>
         <name>cs_MSP432P4XX.obj</name>
      </input_file>
      <input_file id="fl-f">
         <path>C:\ti\simplelink_msp432p4_sdk_1_50_00_12\source\ti\devices\msp432p4xx\driverlib\ccs\</path>
         <kind>archive</kind>
         <file>msp432p4xx_driverlib.lib</file>
         <name>i2c_MSP432P4XX.obj</name>
      </input_file>
      <input_file id="fl-10">
         <path>C:\ti\simplelink_msp432p4_sdk_1_50_00_12\source\ti\devices\msp432p4xx\driverlib\ccs\</path>
         <kind>archive</kind>
         <file>msp432p4xx_driverlib.lib</file>
         <name>interrupt_MSP432P4XX.obj</name>
      </input_file>
      <input_file id="fl-11">
         <path>C:\ti\simplelink_msp432p4_sdk_1_50_00_12\source\ti\devices\msp432p4xx\driverlib\ccs\</path>
         <kind>archive</kind>
         <file>msp432p4xx_driverlib.lib</file>
         <name>sysctl_a_MSP432P4XX.obj</name>
      </input_file>
      <input_file id="fl-12">
         <path>C:\ti\simplelink_msp432p4_sdk_1_50_00_12\source\ti\devices\msp432p4xx\driverlib\ccs\</path>
         <kind>archive</kind>
         <file>msp432p4xx_driverlib.lib</file>
         <name>cpu_MSP432P4XX.obj</name>
      </input_file>
      <input_file id="fl-c8">
         <path>C:\ti\ccsv7\tools\compiler\ti-cgt-arm_16.9.4.LTS\lib\</path>
         <kind>archive</kind>
         <file>rtsv7M4_T_le_v4SPD16_eabi.lib</file>
         <name>boot.obj</name>
      </input_file>
      <input_file id="fl-c9">
         <path>C:\ti\ccsv7\tools\compiler\ti-cgt-arm_16.9.4.LTS\lib\</path>
         <kind>archive</kind>
         <file>rtsv7M4_T_le_v4SPD16_eabi.lib</file>
         <name>copy_decompress_lzss.obj</name>
      </input_file>
      <input_file id="fl-ca">
         <path>C:\ti\ccsv7\tools\compiler\ti-cgt-arm_16.9.4.LTS\lib\</path>
         <kind>archive</kind>
         <file>rtsv7M4_T_le_v4SPD16_eabi.lib</file>
         <name>copy_decompress_none.obj</name>
      </input_file>
      <input_file id="fl-cb">
         <path>C:\ti\ccsv7\tools\compiler\ti-cgt-arm_16.9.4.LTS\lib\</path>
         <kind>archive</kind>
         <file>rtsv7M4_T_le_v4SPD16_eabi.lib</file>
         <name>copy_zero_init.obj</name>
      </input_file>
      <input_file id="fl-cc">
         <path>C:\ti\ccsv7\tools\compiler\ti-cgt-arm_16.9.4.LTS\lib\</path>
         <kind>archive</kind>
         <file>rtsv7M4_T_le_v4SPD16_eabi.lib</file>
         <name>exit.obj</name>
      </input_file>
      <input_file id="fl-cd">
         <path>C:\ti\ccsv7\tools\compiler\ti-cgt-arm_16.9.4.LTS\lib\</path>
         <kind>archive</kind>
         <file>rtsv7M4_T_le_v4SPD16_eabi.lib</file>
         <name>memcpy_t2.obj</name>
      </input_file>
      <input_file id="fl-ce">
         <path>C:\ti\ccsv7\tools\compiler\ti-cgt-arm_16.9.4.LTS\lib\</path>
         <kind>archive</kind>
         <file>rtsv7M4_T_le_v4SPD16_eabi.lib</file>
         <name>memset_t2.obj</name>
      </input_file>
      <input_file id="fl-cf">
         <path>C:\ti\ccsv7\tools\compiler\ti-cgt-arm_16.9.4.LTS\lib\</path>
         <kind>archive</kind>
         <file>rtsv7M4_T_le_v4SPD16_eabi.lib</file>
         <name>mpu_init.obj</name>
      </input_file>
      <input_file id="fl-d0">
         <path>C:\ti\ccsv7\tools\compiler\ti-cgt-arm_16.9.4.LTS\lib\</path>
         <kind>archive</kind>
         <file>rtsv7M4_T_le_v4SPD16_eabi.lib</file>
         <name>pre_init.obj</name>
      </input_file>
      <input_file id="fl-d1">
         <path>C:\ti\ccsv7\tools\compiler\ti-cgt-arm_16.9.4.LTS\lib\</path>
         <kind>archive</kind>
         <file>rtsv7M4_T_le_v4SPD16_eabi.lib</file>
         <name>printf.obj</name>
      </input_file>
      <input_file id="fl-d2">
         <path>C:\ti\ccsv7\tools\compiler\ti-cgt-arm_16.9.4.LTS\lib\</path>
         <kind>archive</kind>
         <file>rtsv7M4_T_le_v4SPD16_eabi.lib</file>
         <name>stkdepth_vars.obj</name>
      </input_file>
      <input_file id="fl-d3">
         <path>C:\ti\ccsv7\tools\compiler\ti-cgt-arm_16.9.4.LTS\lib\</path>
         <kind>archive</kind>
         <file>rtsv7M4_T_le_v4SPD16_eabi.lib</file>
         <name>_lock.obj</name>
      </input_file>
      <input_file id="fl-d4">
         <path>C:\ti\ccsv7\tools\compiler\ti-cgt-arm_16.9.4.LTS\lib\</path>
         <kind>archive</kind>
         <file>rtsv7M4_T_le_v4SPD16_eabi.lib</file>
         <name>_printfi.obj</name>
      </input_file>
      <input_file id="fl-d5">
         <path>C:\ti\ccsv7\tools\compiler\ti-cgt-arm_16.9.4.LTS\lib\</path>
         <kind>archive</kind>
         <file>rtsv7M4_T_le_v4SPD16_eabi.lib</file>
         <name>args_main.obj</name>
      </input_file>
      <input_file id="fl-d6">
         <path>C:\ti\ccsv7\tools\compiler\ti-cgt-arm_16.9.4.LTS\lib\</path>
         <kind>archive</kind>
         <file>rtsv7M4_T_le_v4SPD16_eabi.lib</file>
         <name>atoi.obj</name>
      </input_file>
      <input_file id="fl-d7">
         <path>C:\ti\ccsv7\tools\compiler\ti-cgt-arm_16.9.4.LTS\lib\</path>
         <kind>archive</kind>
         <file>rtsv7M4_T_le_v4SPD16_eabi.lib</file>
         <name>autoinit.obj</name>
      </input_file>
      <input_file id="fl-d8">
         <path>C:\ti\ccsv7\tools\compiler\ti-cgt-arm_16.9.4.LTS\lib\</path>
         <kind>archive</kind>
         <file>rtsv7M4_T_le_v4SPD16_eabi.lib</file>
         <name>cpy_tbl.obj</name>
      </input_file>
      <input_file id="fl-d9">
         <path>C:\ti\ccsv7\tools\compiler\ti-cgt-arm_16.9.4.LTS\lib\</path>
         <kind>archive</kind>
         <file>rtsv7M4_T_le_v4SPD16_eabi.lib</file>
         <name>ctype.obj</name>
      </input_file>
      <input_file id="fl-da">
         <path>C:\ti\ccsv7\tools\compiler\ti-cgt-arm_16.9.4.LTS\lib\</path>
         <kind>archive</kind>
         <file>rtsv7M4_T_le_v4SPD16_eabi.lib</file>
         <name>defs.obj</name>
      </input_file>
      <input_file id="fl-db">
         <path>C:\ti\ccsv7\tools\compiler\ti-cgt-arm_16.9.4.LTS\lib\</path>
         <kind>archive</kind>
         <file>rtsv7M4_T_le_v4SPD16_eabi.lib</file>
         <name>fd_add_t2.obj</name>
      </input_file>
      <input_file id="fl-dc">
         <path>C:\ti\ccsv7\tools\compiler\ti-cgt-arm_16.9.4.LTS\lib\</path>
         <kind>archive</kind>
         <file>rtsv7M4_T_le_v4SPD16_eabi.lib</file>
         <name>fd_cmp_t2.obj</name>
      </input_file>
      <input_file id="fl-dd">
         <path>C:\ti\ccsv7\tools\compiler\ti-cgt-arm_16.9.4.LTS\lib\</path>
         <kind>archive</kind>
         <file>rtsv7M4_T_le_v4SPD16_eabi.lib</file>
         <name>fd_div_t2.obj</name>
      </input_file>
      <input_file id="fl-de">
         <path>C:\ti\ccsv7\tools\compiler\ti-cgt-arm_16.9.4.LTS\lib\</path>
         <kind>archive</kind>
         <file>rtsv7M4_T_le_v4SPD16_eabi.lib</file>
         <name>fd_mul_t2.obj</name>
      </input_file>
      <input_file id="fl-df">
         <path>C:\ti\ccsv7\tools\compiler\ti-cgt-arm_16.9.4.LTS\lib\</path>
         <kind>archive</kind>
         <file>rtsv7M4_T_le_v4SPD16_eabi.lib</file>
         <name>fd_toi_t2.obj</name>
      </input_file>
      <input_file id="fl-e0">
         <path>C:\ti\ccsv7\tools\compiler\ti-cgt-arm_16.9.4.LTS\lib\</path>
         <kind>archive</kind>
         <file>rtsv7M4_T_le_v4SPD16_eabi.lib</file>
         <name>fputs.obj</name>
      </input_file>
      <input_file id="fl-e1">
         <path>C:\ti\ccsv7\tools\compiler\ti-cgt-arm_16.9.4.LTS\lib\</path>
         <kind>archive</kind>
         <file>rtsv7M4_T_le_v4SPD16_eabi.lib</file>
         <name>i_tofd_t2.obj</name>
      </input_file>
      <input_file id="fl-e2">
         <path>C:\ti\ccsv7\tools\compiler\ti-cgt-arm_16.9.4.LTS\lib\</path>
         <kind>archive</kind>
         <file>rtsv7M4_T_le_v4SPD16_eabi.lib</file>
         <name>ltoa.obj</name>
      </input_file>
      <input_file id="fl-e3">
         <path>C:\ti\ccsv7\tools\compiler\ti-cgt-arm_16.9.4.LTS\lib\</path>
         <kind>archive</kind>
         <file>rtsv7M4_T_le_v4SPD16_eabi.lib</file>
         <name>memccpy.obj</name>
      </input_file>
      <input_file id="fl-e4">
         <path>C:\ti\ccsv7\tools\compiler\ti-cgt-arm_16.9.4.LTS\lib\</path>
         <kind>archive</kind>
         <file>rtsv7M4_T_le_v4SPD16_eabi.lib</file>
         <name>memchr.obj</name>
      </input_file>
      <input_file id="fl-e5">
         <path>C:\ti\ccsv7\tools\compiler\ti-cgt-arm_16.9.4.LTS\lib\</path>
         <kind>archive</kind>
         <file>rtsv7M4_T_le_v4SPD16_eabi.lib</file>
         <name>s_frexp.obj</name>
      </input_file>
      <input_file id="fl-e6">
         <path>C:\ti\ccsv7\tools\compiler\ti-cgt-arm_16.9.4.LTS\lib\</path>
         <kind>archive</kind>
         <file>rtsv7M4_T_le_v4SPD16_eabi.lib</file>
         <name>s_scalbn.obj</name>
      </input_file>
      <input_file id="fl-e7">
         <path>C:\ti\ccsv7\tools\compiler\ti-cgt-arm_16.9.4.LTS\lib\</path>
         <kind>archive</kind>
         <file>rtsv7M4_T_le_v4SPD16_eabi.lib</file>
         <name>startup.obj</name>
      </input_file>
      <input_file id="fl-e8">
         <path>C:\ti\ccsv7\tools\compiler\ti-cgt-arm_16.9.4.LTS\lib\</path>
         <kind>archive</kind>
         <file>rtsv7M4_T_le_v4SPD16_eabi.lib</file>
         <name>strchr.obj</name>
      </input_file>
      <input_file id="fl-e9">
         <path>C:\ti\ccsv7\tools\compiler\ti-cgt-arm_16.9.4.LTS\lib\</path>
         <kind>archive</kind>
         <file>rtsv7M4_T_le_v4SPD16_eabi.lib</file>
         <name>strlen.obj</name>
      </input_file>
      <input_file id="fl-ea">
         <path>C:\ti\ccsv7\tools\compiler\ti-cgt-arm_16.9.4.LTS\lib\</path>
         <kind>archive</kind>
         <file>rtsv7M4_T_le_v4SPD16_eabi.lib</file>
         <name>ull_div_t2.obj</name>
      </input_file>
      <input_file id="fl-eb">
         <path>C:\ti\ccsv7\tools\compiler\ti-cgt-arm_16.9.4.LTS\lib\</path>
         <kind>archive</kind>
         <file>rtsv7M4_T_le_v4SPD16_eabi.lib</file>
         <name>write.obj</name>
      </input_file>
      <input_file id="fl-ec">
         <path>C:\ti\ccsv7\tools\compiler\ti-cgt-arm_16.9.4.LTS\lib\</path>
         <kind>archive</kind>
         <file>rtsv7M4_T_le_v4SPD16_eabi.lib</file>
         <name>_io_perm.obj</name>
      </input_file>
      <input_file id="fl-ed">
         <path>C:\ti\ccsv7\tools\compiler\ti-cgt-arm_16.9.4.LTS\lib\</path>
         <kind>archive</kind>
         <file>rtsv7M4_T_le_v4SPD16_eabi.lib</file>
         <name>errno.obj</name>
      </input_file>
      <input_file id="fl-ee">
         <path>C:\ti\ccsv7\tools\compiler\ti-cgt-arm_16.9.4.LTS\lib\</path>
         <kind>archive</kind>
         <file>rtsv7M4_T_le_v4SPD16_eabi.lib</file>
         <name>fflush.obj</name>
      </input_file>
      <input_file id="fl-ef">
         <path>C:\ti\ccsv7\tools\compiler\ti-cgt-arm_16.9.4.LTS\lib\</path>
         <kind>archive</kind>
         <file>rtsv7M4_T_le_v4SPD16_eabi.lib</file>
         <name>fseek.obj</name>
      </input_file>
      <input_file id="fl-f0">
         <path>C:\ti\ccsv7\tools\compiler\ti-cgt-arm_16.9.4.LTS\lib\</path>
         <kind>archive</kind>
         <file>rtsv7M4_T_le_v4SPD16_eabi.lib</file>
         <name>hostclose.obj</name>
      </input_file>
      <input_file id="fl-f1">
         <path>C:\ti\ccsv7\tools\compiler\ti-cgt-arm_16.9.4.LTS\lib\</path>
         <kind>archive</kind>
         <file>rtsv7M4_T_le_v4SPD16_eabi.lib</file>
         <name>hostlseek.obj</name>
      </input_file>
      <input_file id="fl-f2">
         <path>C:\ti\ccsv7\tools\compiler\ti-cgt-arm_16.9.4.LTS\lib\</path>
         <kind>archive</kind>
         <file>rtsv7M4_T_le_v4SPD16_eabi.lib</file>
         <name>hostopen.obj</name>
      </input_file>
      <input_file id="fl-f3">
         <path>C:\ti\ccsv7\tools\compiler\ti-cgt-arm_16.9.4.LTS\lib\</path>
         <kind>archive</kind>
         <file>rtsv7M4_T_le_v4SPD16_eabi.lib</file>
         <name>hostread.obj</name>
      </input_file>
      <input_file id="fl-f4">
         <path>C:\ti\ccsv7\tools\compiler\ti-cgt-arm_16.9.4.LTS\lib\</path>
         <kind>archive</kind>
         <file>rtsv7M4_T_le_v4SPD16_eabi.lib</file>
         <name>hostrename.obj</name>
      </input_file>
      <input_file id="fl-f5">
         <path>C:\ti\ccsv7\tools\compiler\ti-cgt-arm_16.9.4.LTS\lib\</path>
         <kind>archive</kind>
         <file>rtsv7M4_T_le_v4SPD16_eabi.lib</file>
         <name>hostunlink.obj</name>
      </input_file>
      <input_file id="fl-f6">
         <path>C:\ti\ccsv7\tools\compiler\ti-cgt-arm_16.9.4.LTS\lib\</path>
         <kind>archive</kind>
         <file>rtsv7M4_T_le_v4SPD16_eabi.lib</file>
         <name>hostwrite.obj</name>
      </input_file>
      <input_file id="fl-f7">
         <path>C:\ti\ccsv7\tools\compiler\ti-cgt-arm_16.9.4.LTS\lib\</path>
         <kind>archive</kind>
         <file>rtsv7M4_T_le_v4SPD16_eabi.lib</file>
         <name>lseek.obj</name>
      </input_file>
      <input_file id="fl-f8">
         <path>C:\ti\ccsv7\tools\compiler\ti-cgt-arm_16.9.4.LTS\lib\</path>
         <kind>archive</kind>
         <file>rtsv7M4_T_le_v4SPD16_eabi.lib</file>
         <name>s_copysign.obj</name>
      </input_file>
      <input_file id="fl-f9">
         <path>C:\ti\ccsv7\tools\compiler\ti-cgt-arm_16.9.4.LTS\lib\</path>
         <kind>archive</kind>
         <file>rtsv7M4_T_le_v4SPD16_eabi.lib</file>
         <name>setvbuf.obj</name>
      </input_file>
      <input_file id="fl-fa">
         <path>C:\ti\ccsv7\tools\compiler\ti-cgt-arm_16.9.4.LTS\lib\</path>
         <kind>archive</kind>
         <file>rtsv7M4_T_le_v4SPD16_eabi.lib</file>
         <name>strcpy.obj</name>
      </input_file>
      <input_file id="fl-fb">
         <path>C:\ti\ccsv7\tools\compiler\ti-cgt-arm_16.9.4.LTS\lib\</path>
         <kind>archive</kind>
         <file>rtsv7M4_T_le_v4SPD16_eabi.lib</file>
         <name>trgmsg.obj</name>
      </input_file>
      <input_file id="fl-fc">
         <path>C:\ti\ccsv7\tools\compiler\ti-cgt-arm_16.9.4.LTS\lib\</path>
         <kind>archive</kind>
         <file>rtsv7M4_T_le_v4SPD16_eabi.lib</file>
         <name>fopen.obj</name>
      </input_file>
      <input_file id="fl-fd">
         <path>C:\ti\ccsv7\tools\compiler\ti-cgt-arm_16.9.4.LTS\lib\</path>
         <kind>archive</kind>
         <file>rtsv7M4_T_le_v4SPD16_eabi.lib</file>
         <name>memory.obj</name>
      </input_file>
      <input_file id="fl-fe">
         <path>C:\ti\ccsv7\tools\compiler\ti-cgt-arm_16.9.4.LTS\lib\</path>
         <kind>archive</kind>
         <file>rtsv7M4_T_le_v4SPD16_eabi.lib</file>
         <name>open.obj</name>
      </input_file>
      <input_file id="fl-ff">
         <path>C:\ti\ccsv7\tools\compiler\ti-cgt-arm_16.9.4.LTS\lib\</path>
         <kind>archive</kind>
         <file>rtsv7M4_T_le_v4SPD16_eabi.lib</file>
         <name>fclose.obj</name>
      </input_file>
      <input_file id="fl-100">
         <path>C:\ti\ccsv7\tools\compiler\ti-cgt-arm_16.9.4.LTS\lib\</path>
         <kind>archive</kind>
         <file>rtsv7M4_T_le_v4SPD16_eabi.lib</file>
         <name>getdevice.obj</name>
      </input_file>
      <input_file id="fl-101">
         <path>C:\ti\ccsv7\tools\compiler\ti-cgt-arm_16.9.4.LTS\lib\</path>
         <kind>archive</kind>
         <file>rtsv7M4_T_le_v4SPD16_eabi.lib</file>
         <name>remove.obj</name>
      </input_file>
      <input_file id="fl-102">
         <path>C:\ti\ccsv7\tools\compiler\ti-cgt-arm_16.9.4.LTS\lib\</path>
         <kind>archive</kind>
         <file>rtsv7M4_T_le_v4SPD16_eabi.lib</file>
         <name>strcmp.obj</name>
      </input_file>
      <input_file id="fl-103">
         <path>C:\ti\ccsv7\tools\compiler\ti-cgt-arm_16.9.4.LTS\lib\</path>
         <kind>archive</kind>
         <file>rtsv7M4_T_le_v4SPD16_eabi.lib</file>
         <name>strncpy.obj</name>
      </input_file>
      <input_file id="fl-104">
         <path>C:\ti\ccsv7\tools\compiler\ti-cgt-arm_16.9.4.LTS\lib\</path>
         <kind>archive</kind>
         <file>rtsv7M4_T_le_v4SPD16_eabi.lib</file>
         <name>unlink.obj</name>
      </input_file>
      <input_file id="fl-105">
         <path>C:\ti\ccsv7\tools\compiler\ti-cgt-arm_16.9.4.LTS\lib\</path>
         <kind>archive</kind>
         <file>rtsv7M4_T_le_v4SPD16_eabi.lib</file>
         <name>close.obj</name>
      </input_file>
   </input_file_list>
   <object_component_list>
      <object_component id="oc-2c">
         <name>.intvecs:retain</name>
         <load_address>0x0</load_address>
         <run_address>0x0</run_address>
         <size>0xe4</size>
         <input_file_ref idref="fl-5"/>
      </object_component>
      <object_component id="oc-1f3">
         <name>.text</name>
         <load_address>0xe4</load_address>
         <run_address>0xe4</run_address>
         <size>0x113e</size>
         <input_file_ref idref="fl-d4"/>
      </object_component>
      <object_component id="oc-7e">
         <name>.text:Default_Handler</name>
         <load_address>0x1222</load_address>
         <run_address>0x1222</run_address>
         <size>0x2</size>
         <input_file_ref idref="fl-5"/>
      </object_component>
      <object_component id="oc-394">
         <name>.text</name>
         <load_address>0x1224</load_address>
         <run_address>0x1224</run_address>
         <size>0x3d0</size>
         <input_file_ref idref="fl-fd"/>
      </object_component>
      <object_component id="oc-11a">
         <name>.text:i2cread</name>
         <load_address>0x15f4</load_address>
         <run_address>0x15f4</run_address>
         <size>0x314</size>
         <input_file_ref idref="fl-3"/>
      </object_component>
      <object_component id="oc-27a">
         <name>.text</name>
         <load_address>0x1908</load_address>
         <run_address>0x1908</run_address>
         <size>0x1f4</size>
         <input_file_ref idref="fl-ea"/>
      </object_component>
      <object_component id="oc-39a">
         <name>.text</name>
         <load_address>0x1afc</load_address>
         <run_address>0x1afc</run_address>
         <size>0x1c4</size>
         <input_file_ref idref="fl-fc"/>
      </object_component>
      <object_component id="oc-2a3">
         <name>.text</name>
         <load_address>0x1cc0</load_address>
         <run_address>0x1cc0</run_address>
         <size>0x1b6</size>
         <input_file_ref idref="fl-db"/>
      </object_component>
      <object_component id="oc-56">
         <name>.text</name>
         <load_address>0x1e76</load_address>
         <run_address>0x1e76</run_address>
         <size>0x2</size>
         <input_file_ref idref="fl-cf"/>
      </object_component>
      <object_component id="oc-2ee">
         <name>.text:ST7735_DrawCharS</name>
         <load_address>0x1e78</load_address>
         <run_address>0x1e78</run_address>
         <size>0x17c</size>
         <input_file_ref idref="fl-2"/>
      </object_component>
      <object_component id="oc-132">
         <name>.text:saveTimeDate</name>
         <load_address>0x1ff4</load_address>
         <run_address>0x1ff4</run_address>
         <size>0x178</size>
         <input_file_ref idref="fl-3"/>
      </object_component>
      <object_component id="oc-14a">
         <name>.text:printDate</name>
         <load_address>0x216c</load_address>
         <run_address>0x216c</run_address>
         <size>0x13c</size>
         <input_file_ref idref="fl-3"/>
      </object_component>
      <object_component id="oc-289">
         <name>.text</name>
         <load_address>0x22a8</load_address>
         <run_address>0x22a8</run_address>
         <size>0x136</size>
         <input_file_ref idref="fl-dd"/>
      </object_component>
      <object_component id="oc-a9">
         <name>.text</name>
         <load_address>0x23de</load_address>
         <run_address>0x23de</run_address>
         <size>0x2</size>
         <input_file_ref idref="fl-e7"/>
      </object_component>
      <object_component id="oc-1ed">
         <name>.text</name>
         <load_address>0x23e0</load_address>
         <run_address>0x23e0</run_address>
         <size>0x134</size>
         <input_file_ref idref="fl-e0"/>
      </object_component>
      <object_component id="oc-10e">
         <name>.text:i2cwrite</name>
         <load_address>0x2514</load_address>
         <run_address>0x2514</run_address>
         <size>0x128</size>
         <input_file_ref idref="fl-3"/>
      </object_component>
      <object_component id="oc-1b1">
         <name>.text:ST7735_FillRect</name>
         <load_address>0x263c</load_address>
         <run_address>0x263c</run_address>
         <size>0x114</size>
         <input_file_ref idref="fl-2"/>
      </object_component>
      <object_component id="oc-181">
         <name>.text:commonInit</name>
         <load_address>0x2750</load_address>
         <run_address>0x2750</run_address>
         <size>0x100</size>
         <input_file_ref idref="fl-2"/>
      </object_component>
      <object_component id="oc-b1">
         <name>.text:main</name>
         <load_address>0x2850</load_address>
         <run_address>0x2850</run_address>
         <size>0xfc</size>
         <input_file_ref idref="fl-3"/>
      </object_component>
      <object_component id="oc-284">
         <name>.text</name>
         <load_address>0x294c</load_address>
         <run_address>0x294c</run_address>
         <size>0xfc</size>
         <input_file_ref idref="fl-de"/>
      </object_component>
      <object_component id="oc-2ae">
         <name>.text</name>
         <load_address>0x2a48</load_address>
         <run_address>0x2a48</run_address>
         <size>0xfc</size>
         <input_file_ref idref="fl-e6"/>
      </object_component>
      <object_component id="oc-120">
         <name>.text:keypad_getkey</name>
         <load_address>0x2b44</load_address>
         <run_address>0x2b44</run_address>
         <size>0xe4</size>
         <input_file_ref idref="fl-3"/>
      </object_component>
      <object_component id="oc-253">
         <name>.text:ST7735_OutChar</name>
         <load_address>0x2c28</load_address>
         <run_address>0x2c28</run_address>
         <size>0xe0</size>
         <input_file_ref idref="fl-2"/>
      </object_component>
      <object_component id="oc-335">
         <name>.text</name>
         <load_address>0x2d08</load_address>
         <run_address>0x2d08</run_address>
         <size>0xdc</size>
         <input_file_ref idref="fl-f9"/>
      </object_component>
      <object_component id="oc-26c">
         <name>.text</name>
         <load_address>0x2de4</load_address>
         <run_address>0x2de4</run_address>
         <size>0xc8</size>
         <input_file_ref idref="fl-ee"/>
      </object_component>
      <object_component id="oc-3e7">
         <name>.text</name>
         <load_address>0x2eac</load_address>
         <run_address>0x2eac</run_address>
         <size>0xbc</size>
         <input_file_ref idref="fl-fe"/>
      </object_component>
      <object_component id="oc-25a">
         <name>.text</name>
         <load_address>0x2f68</load_address>
         <run_address>0x2f68</run_address>
         <size>0xac</size>
         <input_file_ref idref="fl-ec"/>
      </object_component>
      <object_component id="oc-212">
         <name>.text:CS_startHFXTWithTimeout</name>
         <load_address>0x3014</load_address>
         <run_address>0x3014</run_address>
         <size>0x9c</size>
         <input_file_ref idref="fl-e"/>
      </object_component>
      <object_component id="oc-3e">
         <name>.text</name>
         <load_address>0x30b0</load_address>
         <run_address>0x30b0</run_address>
         <size>0x9c</size>
         <input_file_ref idref="fl-cd"/>
      </object_component>
      <object_component id="oc-187">
         <name>.text:commandList</name>
         <load_address>0x314c</load_address>
         <run_address>0x314c</run_address>
         <size>0x98</size>
         <input_file_ref idref="fl-2"/>
      </object_component>
      <object_component id="oc-3ed">
         <name>.text</name>
         <load_address>0x31e4</load_address>
         <run_address>0x31e4</run_address>
         <size>0x98</size>
         <input_file_ref idref="fl-ff"/>
      </object_component>
      <object_component id="oc-fc">
         <name>.text:ST7735_InitR</name>
         <load_address>0x327c</load_address>
         <run_address>0x327c</run_address>
         <size>0x88</size>
         <input_file_ref idref="fl-2"/>
      </object_component>
      <object_component id="oc-203">
         <name>.text:ST7735_OutUDec</name>
         <load_address>0x3304</load_address>
         <run_address>0x3304</run_address>
         <size>0x88</size>
         <input_file_ref idref="fl-2"/>
      </object_component>
      <object_component id="oc-22b">
         <name>.text:setAddrWindow</name>
         <load_address>0x338c</load_address>
         <run_address>0x338c</run_address>
         <size>0x88</size>
         <input_file_ref idref="fl-2"/>
      </object_component>
      <object_component id="oc-27f">
         <name>.text:__aeabi_cdcmple</name>
         <load_address>0x3414</load_address>
         <run_address>0x3414</run_address>
         <size>0x86</size>
         <input_file_ref idref="fl-dc"/>
      </object_component>
      <object_component id="oc-28e">
         <name>.text:__aeabi_cdrcmple</name>
         <load_address>0x349a</load_address>
         <run_address>0x349a</run_address>
         <size>0x86</size>
         <input_file_ref idref="fl-dc"/>
      </object_component>
      <object_component id="oc-2e8">
         <name>.text:ST7735_DrawString</name>
         <load_address>0x3520</load_address>
         <run_address>0x3520</run_address>
         <size>0x80</size>
         <input_file_ref idref="fl-2"/>
      </object_component>
      <object_component id="oc-4a">
         <name>.text</name>
         <load_address>0x35a0</load_address>
         <run_address>0x35a0</run_address>
         <size>0x7a</size>
         <input_file_ref idref="fl-ce"/>
      </object_component>
      <object_component id="oc-c4">
         <name>.text:SystemInit</name>
         <load_address>0x361c</load_address>
         <run_address>0x361c</run_address>
         <size>0x78</size>
         <input_file_ref idref="fl-4"/>
      </object_component>
      <object_component id="oc-311">
         <name>.text:_CSGetHFXTFrequency</name>
         <load_address>0x3694</load_address>
         <run_address>0x3694</run_address>
         <size>0x70</size>
         <input_file_ref idref="fl-e"/>
      </object_component>
      <object_component id="oc-f6">
         <name>.text:clockInit48MHzXTL</name>
         <load_address>0x3704</load_address>
         <run_address>0x3704</run_address>
         <size>0x70</size>
         <input_file_ref idref="fl-3"/>
      </object_component>
      <object_component id="oc-62">
         <name>.text</name>
         <load_address>0x3774</load_address>
         <run_address>0x3774</run_address>
         <size>0x70</size>
         <input_file_ref idref="fl-d7"/>
      </object_component>
      <object_component id="oc-42b">
         <name>.text</name>
         <load_address>0x37e4</load_address>
         <run_address>0x37e4</run_address>
         <size>0x70</size>
         <input_file_ref idref="fl-100"/>
      </object_component>
      <object_component id="oc-144">
         <name>.text</name>
         <load_address>0x3854</load_address>
         <run_address>0x3854</run_address>
         <size>0x70</size>
         <input_file_ref idref="fl-d1"/>
      </object_component>
      <object_component id="oc-41c">
         <name>.text</name>
         <load_address>0x38c4</load_address>
         <run_address>0x38c4</run_address>
         <size>0x6c</size>
         <input_file_ref idref="fl-f4"/>
      </object_component>
      <object_component id="oc-14">
         <name>.text:decompress:lzss</name>
         <load_address>0x3930</load_address>
         <run_address>0x3930</run_address>
         <size>0x68</size>
         <input_file_ref idref="fl-c9"/>
      </object_component>
      <object_component id="oc-410">
         <name>.text</name>
         <load_address>0x3998</load_address>
         <run_address>0x3998</run_address>
         <size>0x68</size>
         <input_file_ref idref="fl-f1"/>
      </object_component>
      <object_component id="oc-445">
         <name>.text</name>
         <load_address>0x3a00</load_address>
         <run_address>0x3a00</run_address>
         <size>0x68</size>
         <input_file_ref idref="fl-fb"/>
      </object_component>
      <object_component id="oc-37d">
         <name>.text:ST7735_DrawPixel</name>
         <load_address>0x3a68</load_address>
         <run_address>0x3a68</run_address>
         <size>0x64</size>
         <input_file_ref idref="fl-2"/>
      </object_component>
      <object_component id="oc-32f">
         <name>.text</name>
         <load_address>0x3acc</load_address>
         <run_address>0x3acc</run_address>
         <size>0x64</size>
         <input_file_ref idref="fl-ef"/>
      </object_component>
      <object_component id="oc-2a8">
         <name>.text</name>
         <load_address>0x3b30</load_address>
         <run_address>0x3b30</run_address>
         <size>0x64</size>
         <input_file_ref idref="fl-e5"/>
      </object_component>
      <object_component id="oc-108">
         <name>.text:i2cinit</name>
         <load_address>0x3b94</load_address>
         <run_address>0x3b94</run_address>
         <size>0x60</size>
         <input_file_ref idref="fl-3"/>
      </object_component>
      <object_component id="oc-3f8">
         <name>.text</name>
         <load_address>0x3bf4</load_address>
         <run_address>0x3bf4</run_address>
         <size>0x60</size>
         <input_file_ref idref="fl-f2"/>
      </object_component>
      <object_component id="oc-434">
         <name>.text</name>
         <load_address>0x3c54</load_address>
         <run_address>0x3c54</run_address>
         <size>0x5c</size>
         <input_file_ref idref="fl-105"/>
      </object_component>
      <object_component id="oc-404">
         <name>.text</name>
         <load_address>0x3cb0</load_address>
         <run_address>0x3cb0</run_address>
         <size>0x58</size>
         <input_file_ref idref="fl-f3"/>
      </object_component>
      <object_component id="oc-40a">
         <name>.text</name>
         <load_address>0x3d08</load_address>
         <run_address>0x3d08</run_address>
         <size>0x58</size>
         <input_file_ref idref="fl-f6"/>
      </object_component>
      <object_component id="oc-1ca">
         <name>.text:I2C_masterSendMultiByteFinish</name>
         <load_address>0x3d60</load_address>
         <run_address>0x3d60</run_address>
         <size>0x54</size>
         <input_file_ref idref="fl-f"/>
      </object_component>
      <object_component id="oc-26">
         <name>.text</name>
         <load_address>0x3db4</load_address>
         <run_address>0x3db4</run_address>
         <size>0x54</size>
         <input_file_ref idref="fl-c8"/>
      </object_component>
      <object_component id="oc-6e">
         <name>.text</name>
         <load_address>0x3e08</load_address>
         <run_address>0x3e08</run_address>
         <size>0x54</size>
         <input_file_ref idref="fl-cc"/>
      </object_component>
      <object_component id="oc-298">
         <name>.text</name>
         <load_address>0x3e5c</load_address>
         <run_address>0x3e5c</run_address>
         <size>0x54</size>
         <input_file_ref idref="fl-e2"/>
      </object_component>
      <object_component id="oc-138">
         <name>.text:loadTimeDate</name>
         <load_address>0x3eb0</load_address>
         <run_address>0x3eb0</run_address>
         <size>0x50</size>
         <input_file_ref idref="fl-3"/>
      </object_component>
      <object_component id="oc-2e2">
         <name>.text:fillmessage</name>
         <load_address>0x3f00</load_address>
         <run_address>0x3f00</run_address>
         <size>0x4c</size>
         <input_file_ref idref="fl-2"/>
      </object_component>
      <object_component id="oc-2ba">
         <name>.text</name>
         <load_address>0x3f4c</load_address>
         <run_address>0x3f4c</run_address>
         <size>0x4c</size>
         <input_file_ref idref="fl-d6"/>
      </object_component>
      <object_component id="oc-a3">
         <name>.text</name>
         <load_address>0x3f98</load_address>
         <run_address>0x3f98</run_address>
         <size>0x4c</size>
         <input_file_ref idref="fl-d8"/>
      </object_component>
      <object_component id="oc-114">
         <name>.text:HomeScreen</name>
         <load_address>0x3fe4</load_address>
         <run_address>0x3fe4</run_address>
         <size>0x48</size>
         <input_file_ref idref="fl-3"/>
      </object_component>
      <object_component id="oc-293">
         <name>.text</name>
         <load_address>0x402c</load_address>
         <run_address>0x402c</run_address>
         <size>0x48</size>
         <input_file_ref idref="fl-df"/>
      </object_component>
      <object_component id="oc-3fe">
         <name>.text</name>
         <load_address>0x4074</load_address>
         <run_address>0x4074</run_address>
         <size>0x44</size>
         <input_file_ref idref="fl-f0"/>
      </object_component>
      <object_component id="oc-416">
         <name>.text</name>
         <load_address>0x40b8</load_address>
         <run_address>0x40b8</run_address>
         <size>0x44</size>
         <input_file_ref idref="fl-f5"/>
      </object_component>
      <object_component id="oc-18d">
         <name>.text:writecommand</name>
         <load_address>0x40fc</load_address>
         <run_address>0x40fc</run_address>
         <size>0x44</size>
         <input_file_ref idref="fl-2"/>
      </object_component>
      <object_component id="oc-193">
         <name>.text:writedata</name>
         <load_address>0x4140</load_address>
         <run_address>0x4140</run_address>
         <size>0x44</size>
         <input_file_ref idref="fl-2"/>
      </object_component>
      <object_component id="oc-12c">
         <name>.text:Char_Convert</name>
         <load_address>0x4184</load_address>
         <run_address>0x4184</run_address>
         <size>0x40</size>
         <input_file_ref idref="fl-3"/>
      </object_component>
      <object_component id="oc-1c4">
         <name>.text:I2C_masterSendMultiByteStart</name>
         <load_address>0x41c4</load_address>
         <run_address>0x41c4</run_address>
         <size>0x40</size>
         <input_file_ref idref="fl-f"/>
      </object_component>
      <object_component id="oc-467">
         <name>.text</name>
         <load_address>0x4204</load_address>
         <run_address>0x4204</run_address>
         <size>0x36</size>
         <input_file_ref idref="fl-103"/>
      </object_component>
      <object_component id="oc-13e">
         <name>.text:ST7735_SetCursor</name>
         <load_address>0x423c</load_address>
         <run_address>0x423c</run_address>
         <size>0x30</size>
         <input_file_ref idref="fl-2"/>
      </object_component>
      <object_component id="oc-29e">
         <name>.text</name>
         <load_address>0x426c</load_address>
         <run_address>0x426c</run_address>
         <size>0x2e</size>
         <input_file_ref idref="fl-e1"/>
      </object_component>
      <object_component id="oc-102">
         <name>.text:ST7735_FillScreen</name>
         <load_address>0x429c</load_address>
         <run_address>0x429c</run_address>
         <size>0x2c</size>
         <input_file_ref idref="fl-2"/>
      </object_component>
      <object_component id="oc-43a">
         <name>.text</name>
         <load_address>0x42c8</load_address>
         <run_address>0x42c8</run_address>
         <size>0x2c</size>
         <input_file_ref idref="fl-104"/>
      </object_component>
      <object_component id="oc-f0">
         <name>.text:SysTick_Init</name>
         <load_address>0x42f4</load_address>
         <run_address>0x42f4</run_address>
         <size>0x28</size>
         <input_file_ref idref="fl-3"/>
      </object_component>
      <object_component id="oc-38c">
         <name>.text</name>
         <load_address>0x431c</load_address>
         <run_address>0x431c</run_address>
         <size>0x28</size>
         <input_file_ref idref="fl-f7"/>
      </object_component>
      <object_component id="oc-272">
         <name>.text</name>
         <load_address>0x4344</load_address>
         <run_address>0x4344</run_address>
         <size>0x28</size>
         <input_file_ref idref="fl-eb"/>
      </object_component>
      <object_component id="oc-266">
         <name>.text</name>
         <load_address>0x436c</load_address>
         <run_address>0x436c</run_address>
         <size>0x20</size>
         <input_file_ref idref="fl-e4"/>
      </object_component>
      <object_component id="oc-1da">
         <name>.text:Delay1ms</name>
         <load_address>0x438c</load_address>
         <run_address>0x438c</run_address>
         <size>0x1e</size>
         <input_file_ref idref="fl-2"/>
      </object_component>
      <object_component id="oc-3d4">
         <name>.text:pushColor</name>
         <load_address>0x43aa</load_address>
         <run_address>0x43aa</run_address>
         <size>0x1c</size>
         <input_file_ref idref="fl-2"/>
      </object_component>
      <object_component id="oc-2c0">
         <name>.text</name>
         <load_address>0x43c6</load_address>
         <run_address>0x43c6</run_address>
         <size>0x1c</size>
         <input_file_ref idref="fl-e3"/>
      </object_component>
      <object_component id="oc-68">
         <name>.text</name>
         <load_address>0x43e4</load_address>
         <run_address>0x43e4</run_address>
         <size>0x18</size>
         <input_file_ref idref="fl-d5"/>
      </object_component>
      <object_component id="oc-461">
         <name>.text</name>
         <load_address>0x43fc</load_address>
         <run_address>0x43fc</run_address>
         <size>0x18</size>
         <input_file_ref idref="fl-102"/>
      </object_component>
      <object_component id="oc-2b4">
         <name>.text</name>
         <load_address>0x4414</load_address>
         <run_address>0x4414</run_address>
         <size>0x16</size>
         <input_file_ref idref="fl-e8"/>
      </object_component>
      <object_component id="oc-174">
         <name>.text:CS_setExternalClockSourceFrequency</name>
         <load_address>0x442c</load_address>
         <run_address>0x442c</run_address>
         <size>0x14</size>
         <input_file_ref idref="fl-e"/>
      </object_component>
      <object_component id="oc-15a">
         <name>.text</name>
         <load_address>0x4440</load_address>
         <run_address>0x4440</run_address>
         <size>0x14</size>
         <input_file_ref idref="fl-d3"/>
      </object_component>
      <object_component id="oc-35e">
         <name>.text</name>
         <load_address>0x4454</load_address>
         <run_address>0x4454</run_address>
         <size>0x14</size>
         <input_file_ref idref="fl-f8"/>
      </object_component>
      <object_component id="oc-459">
         <name>.text</name>
         <load_address>0x4468</load_address>
         <run_address>0x4468</run_address>
         <size>0x14</size>
         <input_file_ref idref="fl-fa"/>
      </object_component>
      <object_component id="oc-260">
         <name>.text</name>
         <load_address>0x447c</load_address>
         <run_address>0x447c</run_address>
         <size>0x14</size>
         <input_file_ref idref="fl-e9"/>
      </object_component>
      <object_component id="oc-126">
         <name>.text:DelayWait10ms</name>
         <load_address>0x4490</load_address>
         <run_address>0x4490</run_address>
         <size>0x12</size>
         <input_file_ref idref="fl-3"/>
      </object_component>
      <object_component id="oc-1e7">
         <name>.text:fputc</name>
         <load_address>0x44a2</load_address>
         <run_address>0x44a2</run_address>
         <size>0x12</size>
         <input_file_ref idref="fl-2"/>
      </object_component>
      <object_component id="oc-30b">
         <name>.text:SysCtl_A_disableNMISource</name>
         <load_address>0x44b4</load_address>
         <run_address>0x44b4</run_address>
         <size>0x10</size>
         <input_file_ref idref="fl-11"/>
      </object_component>
      <object_component id="oc-317">
         <name>.text:SysCtl_A_enableNMISource</name>
         <load_address>0x44c4</load_address>
         <run_address>0x44c4</run_address>
         <size>0x10</size>
         <input_file_ref idref="fl-11"/>
      </object_component>
      <object_component id="oc-305">
         <name>.text:SysCtl_A_getNMISourceStatus</name>
         <load_address>0x44d4</load_address>
         <run_address>0x44d4</run_address>
         <size>0x10</size>
         <input_file_ref idref="fl-11"/>
      </object_component>
      <object_component id="oc-1a">
         <name>.text:decompress:none</name>
         <load_address>0x44e4</load_address>
         <run_address>0x44e4</run_address>
         <size>0xe</size>
         <input_file_ref idref="fl-ca"/>
      </object_component>
      <object_component id="oc-24c">
         <name>.text:parrotdelay</name>
         <load_address>0x44f2</load_address>
         <run_address>0x44f2</run_address>
         <size>0xe</size>
         <input_file_ref idref="fl-2"/>
      </object_component>
      <object_component id="oc-78">
         <name>.text:Reset_Handler</name>
         <load_address>0x4500</load_address>
         <run_address>0x4500</run_address>
         <size>0xc</size>
         <input_file_ref idref="fl-5"/>
      </object_component>
      <object_component id="oc-20">
         <name>.text:decompress:ZI</name>
         <load_address>0x450c</load_address>
         <run_address>0x450c</run_address>
         <size>0xc</size>
         <input_file_ref idref="fl-cb"/>
      </object_component>
      <object_component id="oc-17a">
         <name>.text:CS_startHFXT</name>
         <load_address>0x4518</load_address>
         <run_address>0x4518</run_address>
         <size>0x6</size>
         <input_file_ref idref="fl-e"/>
      </object_component>
      <object_component id="oc-5c">
         <name>.text</name>
         <load_address>0x451e</load_address>
         <run_address>0x451e</run_address>
         <size>0x4</size>
         <input_file_ref idref="fl-d0"/>
      </object_component>
      <object_component id="oc-383">
         <name>.const:.string:Font</name>
         <load_address>0x4524</load_address>
         <run_address>0x4524</run_address>
         <size>0x4fb</size>
         <input_file_ref idref="fl-2"/>
      </object_component>
      <object_component id="oc-36b">
         <name>.const:.string:_ctypes_</name>
         <load_address>0x4a1f</load_address>
         <run_address>0x4a1f</run_address>
         <size>0x101</size>
         <input_file_ref idref="fl-d9"/>
      </object_component>
      <object_component id="oc-199">
         <name>.const:.string:Rcmd1</name>
         <load_address>0x4b20</load_address>
         <run_address>0x4b20</run_address>
         <size>0x3b</size>
         <input_file_ref idref="fl-2"/>
      </object_component>
      <object_component id="oc-1a5">
         <name>.const:.string:Rcmd3</name>
         <load_address>0x4b5b</load_address>
         <run_address>0x4b5b</run_address>
         <size>0x2b</size>
         <input_file_ref idref="fl-2"/>
      </object_component>
      <object_component id="oc-1bd">
         <name>.const:i2cConfig</name>
         <load_address>0x4b88</load_address>
         <run_address>0x4b88</run_address>
         <size>0x14</size>
         <input_file_ref idref="fl-3"/>
      </object_component>
      <object_component id="oc-19c">
         <name>.const:.string:Rcmd2green</name>
         <load_address>0x4b9c</load_address>
         <run_address>0x4b9c</run_address>
         <size>0xd</size>
         <input_file_ref idref="fl-2"/>
      </object_component>
      <object_component id="oc-1a2">
         <name>.const:.string:Rcmd2red</name>
         <load_address>0x4ba9</load_address>
         <run_address>0x4ba9</run_address>
         <size>0xd</size>
         <input_file_ref idref="fl-2"/>
      </object_component>
      <object_component id="oc-1d6">
         <name>.const:.string:$P$T0$1</name>
         <load_address>0x4bb6</load_address>
         <run_address>0x4bb6</run_address>
         <size>0x3</size>
         <input_file_ref idref="fl-3"/>
      </object_component>
      <object_component id="oc-4cc">
         <name>.cinit..data.load</name>
         <load_address>0x4bc0</load_address>
         <run_address>0x4bc0</run_address>
         <size>0x95</size>
      </object_component>
      <object_component id="oc-4ca">
         <name>__TI_handler_table</name>
         <load_address>0x4c58</load_address>
         <run_address>0x4c58</run_address>
         <size>0xc</size>
      </object_component>
      <object_component id="oc-4cd">
         <name>.cinit..bss.load</name>
         <load_address>0x4c68</load_address>
         <run_address>0x4c68</run_address>
         <size>0x8</size>
      </object_component>
      <object_component id="oc-4cb">
         <name>__TI_cinit_table</name>
         <load_address>0x4c70</load_address>
         <run_address>0x4c70</run_address>
         <size>0x10</size>
      </object_component>
      <object_component id="oc-4a7">
         <name>.binit</name>
         <load_address>0x0</load_address>
         <run_address>0x0</run_address>
         <size>0x0</size>
      </object_component>
      <object_component id="oc-1a8">
         <name>.data</name>
         <load_address>0x20000c18</load_address>
         <run_address>0x20000c18</run_address>
         <size>0x14</size>
         <input_file_ref idref="fl-2"/>
      </object_component>
      <object_component id="oc-1c0">
         <name>.data</name>
         <load_address>0x20000bf0</load_address>
         <run_address>0x20000bf0</run_address>
         <size>0x28</size>
         <input_file_ref idref="fl-3"/>
      </object_component>
      <object_component id="oc-b9">
         <name>.data:$O1$$</name>
         <load_address>0x20000c3c</load_address>
         <run_address>0x20000c3c</run_address>
         <size>0xc</size>
         <input_file_ref idref="fl-cc"/>
      </object_component>
      <object_component id="oc-74">
         <name>.data</name>
         <load_address>0x20000c68</load_address>
         <run_address>0x20000c68</run_address>
         <size>0x4</size>
         <input_file_ref idref="fl-d2"/>
      </object_component>
      <object_component id="oc-bc">
         <name>.data:$O1$$</name>
         <load_address>0x20000c54</load_address>
         <run_address>0x20000c54</run_address>
         <size>0x8</size>
         <input_file_ref idref="fl-d3"/>
      </object_component>
      <object_component id="oc-1f9">
         <name>.data:_ftable</name>
         <load_address>0x20000a38</load_address>
         <run_address>0x20000a38</run_address>
         <size>0xf0</size>
         <input_file_ref idref="fl-da"/>
      </object_component>
      <object_component id="oc-341">
         <name>.data</name>
         <load_address>0x20000c2c</load_address>
         <run_address>0x20000c2c</run_address>
         <size>0x10</size>
         <input_file_ref idref="fl-da"/>
      </object_component>
      <object_component id="oc-3b1">
         <name>.data:_device</name>
         <load_address>0x20000b28</load_address>
         <run_address>0x20000b28</run_address>
         <size>0x78</size>
         <input_file_ref idref="fl-eb"/>
      </object_component>
      <object_component id="oc-346">
         <name>.data:_stream</name>
         <load_address>0x20000ba0</load_address>
         <run_address>0x20000ba0</run_address>
         <size>0x50</size>
         <input_file_ref idref="fl-eb"/>
      </object_component>
      <object_component id="oc-364">
         <name>.data</name>
         <load_address>0x20000c5c</load_address>
         <run_address>0x20000c5c</run_address>
         <size>0x4</size>
         <input_file_ref idref="fl-ed"/>
      </object_component>
      <object_component id="oc-3f3">
         <name>.data</name>
         <load_address>0x20000c60</load_address>
         <run_address>0x20000c60</run_address>
         <size>0x4</size>
         <input_file_ref idref="fl-fc"/>
      </object_component>
      <object_component id="oc-3e3">
         <name>.data:$O1$$</name>
         <load_address>0x20000c48</load_address>
         <run_address>0x20000c48</run_address>
         <size>0xc</size>
         <input_file_ref idref="fl-fd"/>
      </object_component>
      <object_component id="oc-431">
         <name>.data</name>
         <load_address>0x20000c64</load_address>
         <run_address>0x20000c64</run_address>
         <size>0x4</size>
         <input_file_ref idref="fl-fe"/>
      </object_component>
      <object_component id="oc-19f">
         <name>.bss</name>
         <uninitialized>true</uninitialized>
         <run_address>0x20000a28</run_address>
         <size>0x4</size>
         <input_file_ref idref="fl-2"/>
      </object_component>
      <object_component id="oc-20d">
         <name>.bss</name>
         <uninitialized>true</uninitialized>
         <run_address>0x20000a18</run_address>
         <size>0x8</size>
         <input_file_ref idref="fl-e"/>
      </object_component>
      <object_component id="oc-477">
         <name>.bss:_CIOBUF_</name>
         <uninitialized>true</uninitialized>
         <run_address>0x20000800</run_address>
         <size>0x120</size>
         <input_file_ref idref="fl-fb"/>
      </object_component>
      <object_component id="oc-2f5">
         <name>.common:Message</name>
         <uninitialized>true</uninitialized>
         <run_address>0x20000a0c</run_address>
         <size>0xc</size>
      </object_component>
      <object_component id="oc-2f4">
         <name>.common:Messageindex</name>
         <uninitialized>true</uninitialized>
         <run_address>0x20000a2c</run_address>
         <size>0x4</size>
      </object_component>
      <object_component id="oc-1d0">
         <name>.common:RTC_registers</name>
         <uninitialized>true</uninitialized>
         <run_address>0x200009c0</run_address>
         <size>0x4c</size>
      </object_component>
      <object_component id="oc-1e2">
         <name>.common:simulatedCalibrationData</name>
         <uninitialized>true</uninitialized>
         <run_address>0x20000a34</run_address>
         <size>0x4</size>
      </object_component>
      <object_component id="oc-1e4">
         <name>.common:addr_pointer</name>
         <uninitialized>true</uninitialized>
         <run_address>0x20000a30</run_address>
         <size>0x4</size>
      </object_component>
      <object_component id="oc-440">
         <name>.common:__TI_tmpnams</name>
         <uninitialized>true</uninitialized>
         <run_address>0x20000920</run_address>
         <size>0xa0</size>
      </object_component>
      <object_component id="oc-44b">
         <name>.common:parmbuf</name>
         <uninitialized>true</uninitialized>
         <run_address>0x20000a20</run_address>
         <size>0x8</size>
      </object_component>
      <object_component id="oc-30">
         <name>.sysmem</name>
         <uninitialized>true</uninitialized>
         <run_address>0x20000000</run_address>
         <size>0x8</size>
         <input_file_ref idref="fl-fd"/>
      </object_component>
      <object_component id="oc-4cf">
         <name>.sysmem</name>
         <uninitialized>true</uninitialized>
         <run_address>0x20000000</run_address>
         <size>0x0</size>
      </object_component>
      <object_component id="oc-2f">
         <name>.stack</name>
         <uninitialized>true</uninitialized>
         <run_address>0x2000fe00</run_address>
         <size>0x0</size>
         <input_file_ref idref="fl-c8"/>
      </object_component>
      <object_component id="oc-4ce">
         <name>.stack</name>
         <uninitialized>true</uninitialized>
         <run_address>0x2000fe00</run_address>
         <size>0x0</size>
      </object_component>
      <object_component id="oc-21a">
         <name>.debug_info</name>
         <load_address>0x0</load_address>
         <run_address>0x0</run_address>
         <size>0x654</size>
         <input_file_ref idref="fl-2"/>
      </object_component>
      <object_component id="oc-1a9">
         <name>.debug_info</name>
         <load_address>0x654</load_address>
         <run_address>0x654</run_address>
         <size>0x157</size>
         <input_file_ref idref="fl-2"/>
      </object_component>
      <object_component id="oc-384">
         <name>.debug_info</name>
         <load_address>0x7ab</load_address>
         <run_address>0x7ab</run_address>
         <size>0xc2</size>
         <input_file_ref idref="fl-2"/>
      </object_component>
      <object_component id="oc-1a0">
         <name>.debug_info</name>
         <load_address>0x86d</load_address>
         <run_address>0x86d</run_address>
         <size>0x12e</size>
         <input_file_ref idref="fl-2"/>
      </object_component>
      <object_component id="oc-19a">
         <name>.debug_info</name>
         <load_address>0x99b</load_address>
         <run_address>0x99b</run_address>
         <size>0xc5</size>
         <input_file_ref idref="fl-2"/>
      </object_component>
      <object_component id="oc-19d">
         <name>.debug_info</name>
         <load_address>0xa60</load_address>
         <run_address>0xa60</run_address>
         <size>0xcf</size>
         <input_file_ref idref="fl-2"/>
      </object_component>
      <object_component id="oc-1a3">
         <name>.debug_info</name>
         <load_address>0xb2f</load_address>
         <run_address>0xb2f</run_address>
         <size>0xcb</size>
         <input_file_ref idref="fl-2"/>
      </object_component>
      <object_component id="oc-1a6">
         <name>.debug_info</name>
         <load_address>0xbfa</load_address>
         <run_address>0xbfa</run_address>
         <size>0xc5</size>
         <input_file_ref idref="fl-2"/>
      </object_component>
      <object_component id="oc-18e">
         <name>.debug_info</name>
         <load_address>0xcbf</load_address>
         <run_address>0xcbf</run_address>
         <size>0x11e</size>
         <input_file_ref idref="fl-2"/>
      </object_component>
      <object_component id="oc-194">
         <name>.debug_info</name>
         <load_address>0xddd</load_address>
         <run_address>0xddd</run_address>
         <size>0x118</size>
         <input_file_ref idref="fl-2"/>
      </object_component>
      <object_component id="oc-24d">
         <name>.debug_info</name>
         <load_address>0xef5</load_address>
         <run_address>0xef5</run_address>
         <size>0x131</size>
         <input_file_ref idref="fl-2"/>
      </object_component>
      <object_component id="oc-1db">
         <name>.debug_info</name>
         <load_address>0x1026</load_address>
         <run_address>0x1026</run_address>
         <size>0x125</size>
         <input_file_ref idref="fl-2"/>
      </object_component>
      <object_component id="oc-188">
         <name>.debug_info</name>
         <load_address>0x114b</load_address>
         <run_address>0x114b</run_address>
         <size>0x19c</size>
         <input_file_ref idref="fl-2"/>
      </object_component>
      <object_component id="oc-182">
         <name>.debug_info</name>
         <load_address>0x12e7</load_address>
         <run_address>0x12e7</run_address>
         <size>0x16d</size>
         <input_file_ref idref="fl-2"/>
      </object_component>
      <object_component id="oc-fd">
         <name>.debug_info</name>
         <load_address>0x1454</load_address>
         <run_address>0x1454</run_address>
         <size>0x1c8</size>
         <input_file_ref idref="fl-2"/>
      </object_component>
      <object_component id="oc-22c">
         <name>.debug_info</name>
         <load_address>0x161c</load_address>
         <run_address>0x161c</run_address>
         <size>0x22a</size>
         <input_file_ref idref="fl-2"/>
      </object_component>
      <object_component id="oc-3d5">
         <name>.debug_info</name>
         <load_address>0x1846</load_address>
         <run_address>0x1846</run_address>
         <size>0x144</size>
         <input_file_ref idref="fl-2"/>
      </object_component>
      <object_component id="oc-37e">
         <name>.debug_info</name>
         <load_address>0x198a</load_address>
         <run_address>0x198a</run_address>
         <size>0x185</size>
         <input_file_ref idref="fl-2"/>
      </object_component>
      <object_component id="oc-103">
         <name>.debug_info</name>
         <load_address>0x1b0f</load_address>
         <run_address>0x1b0f</run_address>
         <size>0x14b</size>
         <input_file_ref idref="fl-2"/>
      </object_component>
      <object_component id="oc-1b2">
         <name>.debug_info</name>
         <load_address>0x1c5a</load_address>
         <run_address>0x1c5a</run_address>
         <size>0x1ca</size>
         <input_file_ref idref="fl-2"/>
      </object_component>
      <object_component id="oc-2ef">
         <name>.debug_info</name>
         <load_address>0x1e24</load_address>
         <run_address>0x1e24</run_address>
         <size>0x236</size>
         <input_file_ref idref="fl-2"/>
      </object_component>
      <object_component id="oc-2e9">
         <name>.debug_info</name>
         <load_address>0x205a</load_address>
         <run_address>0x205a</run_address>
         <size>0x1bd</size>
         <input_file_ref idref="fl-2"/>
      </object_component>
      <object_component id="oc-2e3">
         <name>.debug_info</name>
         <load_address>0x2217</load_address>
         <run_address>0x2217</run_address>
         <size>0x12b</size>
         <input_file_ref idref="fl-2"/>
      </object_component>
      <object_component id="oc-13f">
         <name>.debug_info</name>
         <load_address>0x2342</load_address>
         <run_address>0x2342</run_address>
         <size>0x152</size>
         <input_file_ref idref="fl-2"/>
      </object_component>
      <object_component id="oc-204">
         <name>.debug_info</name>
         <load_address>0x2494</load_address>
         <run_address>0x2494</run_address>
         <size>0x160</size>
         <input_file_ref idref="fl-2"/>
      </object_component>
      <object_component id="oc-254">
         <name>.debug_info</name>
         <load_address>0x25f4</load_address>
         <run_address>0x25f4</run_address>
         <size>0x169</size>
         <input_file_ref idref="fl-2"/>
      </object_component>
      <object_component id="oc-1e8">
         <name>.debug_info</name>
         <load_address>0x275d</load_address>
         <run_address>0x275d</run_address>
         <size>0x141</size>
         <input_file_ref idref="fl-2"/>
      </object_component>
      <object_component id="oc-320">
         <name>.debug_info</name>
         <load_address>0x289e</load_address>
         <run_address>0x289e</run_address>
         <size>0xc8</size>
         <input_file_ref idref="fl-2"/>
      </object_component>
      <object_component id="oc-325">
         <name>.debug_info</name>
         <load_address>0x2966</load_address>
         <run_address>0x2966</run_address>
         <size>0x37cd</size>
         <input_file_ref idref="fl-2"/>
      </object_component>
      <object_component id="oc-245">
         <name>.debug_info</name>
         <load_address>0x6133</load_address>
         <run_address>0x6133</run_address>
         <size>0x1055</size>
         <input_file_ref idref="fl-2"/>
      </object_component>
      <object_component id="oc-39">
         <name>.debug_info</name>
         <load_address>0x7188</load_address>
         <run_address>0x7188</run_address>
         <size>0x84</size>
         <input_file_ref idref="fl-2"/>
      </object_component>
      <object_component id="oc-1b8">
         <name>.debug_info</name>
         <load_address>0x720c</load_address>
         <run_address>0x720c</run_address>
         <size>0x18b</size>
         <input_file_ref idref="fl-2"/>
      </object_component>
      <object_component id="oc-1fe">
         <name>.debug_info</name>
         <load_address>0x7397</load_address>
         <run_address>0x7397</run_address>
         <size>0x4e</size>
         <input_file_ref idref="fl-2"/>
      </object_component>
      <object_component id="oc-1ac">
         <name>.debug_info</name>
         <load_address>0x73e5</load_address>
         <run_address>0x73e5</run_address>
         <size>0x51</size>
         <input_file_ref idref="fl-2"/>
      </object_component>
      <object_component id="oc-1d1">
         <name>.debug_info</name>
         <load_address>0x7436</load_address>
         <run_address>0x7436</run_address>
         <size>0xa30</size>
         <input_file_ref idref="fl-3"/>
      </object_component>
      <object_component id="oc-1c1">
         <name>.debug_info</name>
         <load_address>0x7e66</load_address>
         <run_address>0x7e66</run_address>
         <size>0x1dc</size>
         <input_file_ref idref="fl-3"/>
      </object_component>
      <object_component id="oc-1be">
         <name>.debug_info</name>
         <load_address>0x8042</load_address>
         <run_address>0x8042</run_address>
         <size>0xcb</size>
         <input_file_ref idref="fl-3"/>
      </object_component>
      <object_component id="oc-1d7">
         <name>.debug_info</name>
         <load_address>0x810d</load_address>
         <run_address>0x810d</run_address>
         <size>0xc7</size>
         <input_file_ref idref="fl-3"/>
      </object_component>
      <object_component id="oc-b3">
         <name>.debug_info</name>
         <load_address>0x81d4</load_address>
         <run_address>0x81d4</run_address>
         <size>0x2b0</size>
         <input_file_ref idref="fl-3"/>
      </object_component>
      <object_component id="oc-116">
         <name>.debug_info</name>
         <load_address>0x8484</load_address>
         <run_address>0x8484</run_address>
         <size>0x157</size>
         <input_file_ref idref="fl-3"/>
      </object_component>
      <object_component id="oc-14c">
         <name>.debug_info</name>
         <load_address>0x85db</load_address>
         <run_address>0x85db</run_address>
         <size>0x2df</size>
         <input_file_ref idref="fl-3"/>
      </object_component>
      <object_component id="oc-134">
         <name>.debug_info</name>
         <load_address>0x88ba</load_address>
         <run_address>0x88ba</run_address>
         <size>0x123</size>
         <input_file_ref idref="fl-3"/>
      </object_component>
      <object_component id="oc-13a">
         <name>.debug_info</name>
         <load_address>0x89dd</load_address>
         <run_address>0x89dd</run_address>
         <size>0x107</size>
         <input_file_ref idref="fl-3"/>
      </object_component>
      <object_component id="oc-f8">
         <name>.debug_info</name>
         <load_address>0x8ae4</load_address>
         <run_address>0x8ae4</run_address>
         <size>0x164</size>
         <input_file_ref idref="fl-3"/>
      </object_component>
      <object_component id="oc-12e">
         <name>.debug_info</name>
         <load_address>0x8c48</load_address>
         <run_address>0x8c48</run_address>
         <size>0x117</size>
         <input_file_ref idref="fl-3"/>
      </object_component>
      <object_component id="oc-122">
         <name>.debug_info</name>
         <load_address>0x8d5f</load_address>
         <run_address>0x8d5f</run_address>
         <size>0x148</size>
         <input_file_ref idref="fl-3"/>
      </object_component>
      <object_component id="oc-f2">
         <name>.debug_info</name>
         <load_address>0x8ea7</load_address>
         <run_address>0x8ea7</run_address>
         <size>0xfe</size>
         <input_file_ref idref="fl-3"/>
      </object_component>
      <object_component id="oc-10a">
         <name>.debug_info</name>
         <load_address>0x8fa5</load_address>
         <run_address>0x8fa5</run_address>
         <size>0x117</size>
         <input_file_ref idref="fl-3"/>
      </object_component>
      <object_component id="oc-110">
         <name>.debug_info</name>
         <load_address>0x90bc</load_address>
         <run_address>0x90bc</run_address>
         <size>0x1a6</size>
         <input_file_ref idref="fl-3"/>
      </object_component>
      <object_component id="oc-11c">
         <name>.debug_info</name>
         <load_address>0x9262</load_address>
         <run_address>0x9262</run_address>
         <size>0x228</size>
         <input_file_ref idref="fl-3"/>
      </object_component>
      <object_component id="oc-128">
         <name>.debug_info</name>
         <load_address>0x948a</load_address>
         <run_address>0x948a</run_address>
         <size>0x126</size>
         <input_file_ref idref="fl-3"/>
      </object_component>
      <object_component id="oc-23b">
         <name>.debug_info</name>
         <load_address>0x95b0</load_address>
         <run_address>0x95b0</run_address>
         <size>0x9a</size>
         <input_file_ref idref="fl-3"/>
      </object_component>
      <object_component id="oc-240">
         <name>.debug_info</name>
         <load_address>0x964a</load_address>
         <run_address>0x964a</run_address>
         <size>0x37cd</size>
         <input_file_ref idref="fl-3"/>
      </object_component>
      <object_component id="oc-dc">
         <name>.debug_info</name>
         <load_address>0xce17</load_address>
         <run_address>0xce17</run_address>
         <size>0x8b</size>
         <input_file_ref idref="fl-3"/>
      </object_component>
      <object_component id="oc-9a">
         <name>.debug_info</name>
         <load_address>0xcea2</load_address>
         <run_address>0xcea2</run_address>
         <size>0x2c</size>
         <input_file_ref idref="fl-3"/>
      </object_component>
      <object_component id="oc-c6">
         <name>.debug_info</name>
         <load_address>0xcece</load_address>
         <run_address>0xcece</run_address>
         <size>0x124</size>
         <input_file_ref idref="fl-4"/>
      </object_component>
      <object_component id="oc-86">
         <name>.debug_info</name>
         <load_address>0xcff2</load_address>
         <run_address>0xcff2</run_address>
         <size>0x2b2</size>
         <input_file_ref idref="fl-5"/>
      </object_component>
      <object_component id="oc-2d">
         <name>.debug_info</name>
         <load_address>0xd2a4</load_address>
         <run_address>0xd2a4</run_address>
         <size>0xf0</size>
         <input_file_ref idref="fl-5"/>
      </object_component>
      <object_component id="oc-79">
         <name>.debug_info</name>
         <load_address>0xd394</load_address>
         <run_address>0xd394</run_address>
         <size>0x153</size>
         <input_file_ref idref="fl-5"/>
      </object_component>
      <object_component id="oc-7f">
         <name>.debug_info</name>
         <load_address>0xd4e7</load_address>
         <run_address>0xd4e7</run_address>
         <size>0x13b</size>
         <input_file_ref idref="fl-5"/>
      </object_component>
      <object_component id="oc-211">
         <name>.debug_info</name>
         <load_address>0xd622</load_address>
         <run_address>0xd622</run_address>
         <size>0x80f</size>
         <input_file_ref idref="fl-e"/>
      </object_component>
      <object_component id="oc-20e">
         <name>.debug_info</name>
         <load_address>0xde31</load_address>
         <run_address>0xde31</run_address>
         <size>0x13c</size>
         <input_file_ref idref="fl-e"/>
      </object_component>
      <object_component id="oc-313">
         <name>.debug_info</name>
         <load_address>0xdf6d</load_address>
         <run_address>0xdf6d</run_address>
         <size>0x1aa</size>
         <input_file_ref idref="fl-e"/>
      </object_component>
      <object_component id="oc-214">
         <name>.debug_info</name>
         <load_address>0xe117</load_address>
         <run_address>0xe117</run_address>
         <size>0x2f0</size>
         <input_file_ref idref="fl-e"/>
      </object_component>
      <object_component id="oc-17c">
         <name>.debug_info</name>
         <load_address>0xe407</load_address>
         <run_address>0xe407</run_address>
         <size>0x1d0</size>
         <input_file_ref idref="fl-e"/>
      </object_component>
      <object_component id="oc-176">
         <name>.debug_info</name>
         <load_address>0xe5d7</load_address>
         <run_address>0xe5d7</run_address>
         <size>0x28b</size>
         <input_file_ref idref="fl-e"/>
      </object_component>
      <object_component id="oc-300">
         <name>.debug_info</name>
         <load_address>0xe862</load_address>
         <run_address>0xe862</run_address>
         <size>0x4305</size>
         <input_file_ref idref="fl-e"/>
      </object_component>
      <object_component id="oc-2fb">
         <name>.debug_info</name>
         <load_address>0x12b67</load_address>
         <run_address>0x12b67</run_address>
         <size>0x1b5</size>
         <input_file_ref idref="fl-e"/>
      </object_component>
      <object_component id="oc-237">
         <name>.debug_info</name>
         <load_address>0x12d1c</load_address>
         <run_address>0x12d1c</run_address>
         <size>0x6fd</size>
         <input_file_ref idref="fl-f"/>
      </object_component>
      <object_component id="oc-1c5">
         <name>.debug_info</name>
         <load_address>0x13419</load_address>
         <run_address>0x13419</run_address>
         <size>0x24b</size>
         <input_file_ref idref="fl-f"/>
      </object_component>
      <object_component id="oc-1cb">
         <name>.debug_info</name>
         <load_address>0x13664</load_address>
         <run_address>0x13664</run_address>
         <size>0x234</size>
         <input_file_ref idref="fl-f"/>
      </object_component>
      <object_component id="oc-389">
         <name>.debug_info</name>
         <load_address>0x13898</load_address>
         <run_address>0x13898</run_address>
         <size>0x5cc</size>
         <input_file_ref idref="fl-11"/>
      </object_component>
      <object_component id="oc-308">
         <name>.debug_info</name>
         <load_address>0x13e64</load_address>
         <run_address>0x13e64</run_address>
         <size>0x1c8</size>
         <input_file_ref idref="fl-11"/>
      </object_component>
      <object_component id="oc-31a">
         <name>.debug_info</name>
         <load_address>0x1402c</load_address>
         <run_address>0x1402c</run_address>
         <size>0x1e4</size>
         <input_file_ref idref="fl-11"/>
      </object_component>
      <object_component id="oc-30e">
         <name>.debug_info</name>
         <load_address>0x14210</load_address>
         <run_address>0x14210</run_address>
         <size>0x1e6</size>
         <input_file_ref idref="fl-11"/>
      </object_component>
      <object_component id="oc-28">
         <name>.debug_info</name>
         <load_address>0x143f6</load_address>
         <run_address>0x143f6</run_address>
         <size>0x160</size>
         <input_file_ref idref="fl-c8"/>
      </object_component>
      <object_component id="oc-90">
         <name>.debug_info</name>
         <load_address>0x14556</load_address>
         <run_address>0x14556</run_address>
         <size>0x293</size>
         <input_file_ref idref="fl-c9"/>
      </object_component>
      <object_component id="oc-16">
         <name>.debug_info</name>
         <load_address>0x147e9</load_address>
         <run_address>0x147e9</run_address>
         <size>0x245</size>
         <input_file_ref idref="fl-c9"/>
      </object_component>
      <object_component id="oc-34">
         <name>.debug_info</name>
         <load_address>0x14a2e</load_address>
         <run_address>0x14a2e</run_address>
         <size>0x60</size>
         <input_file_ref idref="fl-c9"/>
      </object_component>
      <object_component id="oc-8b">
         <name>.debug_info</name>
         <load_address>0x14a8e</load_address>
         <run_address>0x14a8e</run_address>
         <size>0x46</size>
         <input_file_ref idref="fl-c9"/>
      </object_component>
      <object_component id="oc-49">
         <name>.debug_info</name>
         <load_address>0x14ad4</load_address>
         <run_address>0x14ad4</run_address>
         <size>0x2da</size>
         <input_file_ref idref="fl-ca"/>
      </object_component>
      <object_component id="oc-1d">
         <name>.debug_info</name>
         <load_address>0x14dae</load_address>
         <run_address>0x14dae</run_address>
         <size>0x1df</size>
         <input_file_ref idref="fl-ca"/>
      </object_component>
      <object_component id="oc-44">
         <name>.debug_info</name>
         <load_address>0x14f8d</load_address>
         <run_address>0x14f8d</run_address>
         <size>0x46</size>
         <input_file_ref idref="fl-ca"/>
      </object_component>
      <object_component id="oc-92">
         <name>.debug_info</name>
         <load_address>0x14fd3</load_address>
         <run_address>0x14fd3</run_address>
         <size>0x2c</size>
         <input_file_ref idref="fl-ca"/>
      </object_component>
      <object_component id="oc-55">
         <name>.debug_info</name>
         <load_address>0x14fff</load_address>
         <run_address>0x14fff</run_address>
         <size>0x2c9</size>
         <input_file_ref idref="fl-cb"/>
      </object_component>
      <object_component id="oc-21">
         <name>.debug_info</name>
         <load_address>0x152c8</load_address>
         <run_address>0x152c8</run_address>
         <size>0x1aa</size>
         <input_file_ref idref="fl-cb"/>
      </object_component>
      <object_component id="oc-50">
         <name>.debug_info</name>
         <load_address>0x15472</load_address>
         <run_address>0x15472</run_address>
         <size>0x46</size>
         <input_file_ref idref="fl-cb"/>
      </object_component>
      <object_component id="oc-c0">
         <name>.debug_info</name>
         <load_address>0x154b8</load_address>
         <run_address>0x154b8</run_address>
         <size>0x3ce</size>
         <input_file_ref idref="fl-cc"/>
      </object_component>
      <object_component id="oc-ba">
         <name>.debug_info</name>
         <load_address>0x15886</load_address>
         <run_address>0x15886</run_address>
         <size>0x185</size>
         <input_file_ref idref="fl-cc"/>
      </object_component>
      <object_component id="oc-70">
         <name>.debug_info</name>
         <load_address>0x15a0b</load_address>
         <run_address>0x15a0b</run_address>
         <size>0x214</size>
         <input_file_ref idref="fl-cc"/>
      </object_component>
      <object_component id="oc-3f">
         <name>.debug_info</name>
         <load_address>0x15c1f</load_address>
         <run_address>0x15c1f</run_address>
         <size>0x111</size>
         <input_file_ref idref="fl-cd"/>
      </object_component>
      <object_component id="oc-4c">
         <name>.debug_info</name>
         <load_address>0x15d30</load_address>
         <run_address>0x15d30</run_address>
         <size>0x13f</size>
         <input_file_ref idref="fl-ce"/>
      </object_component>
      <object_component id="oc-5a">
         <name>.debug_info</name>
         <load_address>0x15e6f</load_address>
         <run_address>0x15e6f</run_address>
         <size>0x138</size>
         <input_file_ref idref="fl-cf"/>
      </object_component>
      <object_component id="oc-5d">
         <name>.debug_info</name>
         <load_address>0x15fa7</load_address>
         <run_address>0x15fa7</run_address>
         <size>0x148</size>
         <input_file_ref idref="fl-d0"/>
      </object_component>
      <object_component id="oc-1fd">
         <name>.debug_info</name>
         <load_address>0x160ef</load_address>
         <run_address>0x160ef</run_address>
         <size>0x3c6</size>
         <input_file_ref idref="fl-d1"/>
      </object_component>
      <object_component id="oc-145">
         <name>.debug_info</name>
         <load_address>0x164b5</load_address>
         <run_address>0x164b5</run_address>
         <size>0x284</size>
         <input_file_ref idref="fl-d1"/>
      </object_component>
      <object_component id="oc-2dd">
         <name>.debug_info</name>
         <load_address>0x16739</load_address>
         <run_address>0x16739</run_address>
         <size>0xae</size>
         <input_file_ref idref="fl-d1"/>
      </object_component>
      <object_component id="oc-75">
         <name>.debug_info</name>
         <load_address>0x167e7</load_address>
         <run_address>0x167e7</run_address>
         <size>0x109</size>
         <input_file_ref idref="fl-d2"/>
      </object_component>
      <object_component id="oc-162">
         <name>.debug_info</name>
         <load_address>0x168f0</load_address>
         <run_address>0x168f0</run_address>
         <size>0x2be</size>
         <input_file_ref idref="fl-d3"/>
      </object_component>
      <object_component id="oc-bd">
         <name>.debug_info</name>
         <load_address>0x16bae</load_address>
         <run_address>0x16bae</run_address>
         <size>0x113</size>
         <input_file_ref idref="fl-d3"/>
      </object_component>
      <object_component id="oc-15c">
         <name>.debug_info</name>
         <load_address>0x16cc1</load_address>
         <run_address>0x16cc1</run_address>
         <size>0x21f</size>
         <input_file_ref idref="fl-d3"/>
      </object_component>
      <object_component id="oc-2c7">
         <name>.debug_info</name>
         <load_address>0x16ee0</load_address>
         <run_address>0x16ee0</run_address>
         <size>0x51f</size>
         <input_file_ref idref="fl-d4"/>
      </object_component>
      <object_component id="oc-1f4">
         <name>.debug_info</name>
         <load_address>0x173ff</load_address>
         <run_address>0x173ff</run_address>
         <size>0x1543</size>
         <input_file_ref idref="fl-d4"/>
      </object_component>
      <object_component id="oc-2c8">
         <name>.debug_info</name>
         <load_address>0x18942</load_address>
         <run_address>0x18942</run_address>
         <size>0x86</size>
         <input_file_ref idref="fl-d4"/>
[...]
      </symbol>
      <symbol id="sm-46b">
         <name>__mpu_init</name>
         <value>0x1e77</value>
         <object_component_ref idref="oc-56"/>
      </symbol>
      <symbol id="sm-475">
         <name>_system_pre_init</name>
         <value>0x451f</value>
         <object_component_ref idref="oc-5c"/>
      </symbol>
      <symbol id="sm-493">
         <name>printf</name>
         <value>0x385d</value>
         <object_component_ref idref="oc-144"/>
      </symbol>
      <symbol id="sm-49b">
         <name>main_func_sp</name>
         <value>0x20000c68</value>
         <object_component_ref idref="oc-74"/>
      </symbol>
      <symbol id="sm-4b4">
         <name>_nop</name>
         <value>0x444f</value>
         <object_component_ref idref="oc-15a"/>
      </symbol>
      <symbol id="sm-4b5">
         <name>_lock</name>
         <value>0x20000c54</value>
         <object_component_ref idref="oc-bc"/>
      </symbol>
      <symbol id="sm-4b6">
         <name>_unlock</name>
         <value>0x20000c58</value>
         <object_component_ref idref="oc-bc"/>
      </symbol>
      <symbol id="sm-4b7">
         <name>_register_lock</name>
         <value>0x4447</value>
         <object_component_ref idref="oc-15a"/>
      </symbol>
      <symbol id="sm-4b8">
         <name>_register_unlock</name>
         <value>0x4441</value>
         <object_component_ref idref="oc-15a"/>
      </symbol>
      <symbol id="sm-5be">
         <name>__TI_printfi</name>
         <value>0x929</value>
         <object_component_ref idref="oc-1f3"/>
      </symbol>
      <symbol id="sm-5d2">
         <name>_args_main</name>
         <value>0x43e5</value>
         <object_component_ref idref="oc-68"/>
      </symbol>
      <symbol id="sm-5e8">
         <name>atoi</name>
         <value>0x3f4d</value>
         <object_component_ref idref="oc-2ba"/>
      </symbol>
      <symbol id="sm-612">
         <name>__TI_auto_init</name>
         <value>0x3775</value>
         <object_component_ref idref="oc-62"/>
      </symbol>
      <symbol id="sm-62c">
         <name>copy_in</name>
         <value>0x3f99</value>
         <object_component_ref idref="oc-a3"/>
      </symbol>
      <symbol id="sm-637">
         <name>_ctypes_</name>
         <value>0x4a1f</value>
         <object_component_ref idref="oc-36b"/>
      </symbol>
      <symbol id="sm-64c">
         <name>__TI_tmpnams</name>
         <value>0x20000920</value>
      </symbol>
      <symbol id="sm-64d">
         <name>__aeabi_stdout</name>
         <value>0x20000c34</value>
         <object_component_ref idref="oc-341"/>
      </symbol>
      <symbol id="sm-64e">
         <name>__aeabi_stderr</name>
         <value>0x20000c38</value>
         <object_component_ref idref="oc-341"/>
      </symbol>
      <symbol id="sm-64f">
         <name>__aeabi_stdin</name>
         <value>0x20000c30</value>
         <object_component_ref idref="oc-341"/>
      </symbol>
      <symbol id="sm-650">
         <name>_ftable</name>
         <value>0x20000a38</value>
         <object_component_ref idref="oc-1f9"/>
      </symbol>
      <symbol id="sm-651">
         <name>__TI_ft_end</name>
         <value>0x20000c2c</value>
         <object_component_ref idref="oc-341"/>
      </symbol>
      <symbol id="sm-668">
         <name>__aeabi_dsub</name>
         <value>0x1cc1</value>
         <object_component_ref idref="oc-2a3"/>
      </symbol>
      <symbol id="sm-669">
         <name>__aeabi_dadd</name>
         <value>0x1ccb</value>
         <object_component_ref idref="oc-2a3"/>
      </symbol>
      <symbol id="sm-68b">
         <name>__aeabi_cdcmpeq</name>
         <value>0x3415</value>
         <object_component_ref idref="oc-27f"/>
      </symbol>
      <symbol id="sm-68c">
         <name>__aeabi_cdcmple</name>
         <value>0x3415</value>
         <object_component_ref idref="oc-27f"/>
      </symbol>
      <symbol id="sm-68d">
         <name>__aeabi_cdrcmple</name>
         <value>0x349b</value>
         <object_component_ref idref="oc-28e"/>
      </symbol>
      <symbol id="sm-6a1">
         <name>__aeabi_ddiv</name>
         <value>0x22a9</value>
         <object_component_ref idref="oc-289"/>
      </symbol>
      <symbol id="sm-6ac">
         <name>__aeabi_dmul</name>
         <value>0x294d</value>
         <object_component_ref idref="oc-284"/>
      </symbol>
      <symbol id="sm-6b6">
         <name>__aeabi_d2iz</name>
         <value>0x402d</value>
         <object_component_ref idref="oc-293"/>
      </symbol>
      <symbol id="sm-6d8">
         <name>puts</name>
         <value>0x24ed</value>
         <object_component_ref idref="oc-1ed"/>
      </symbol>
      <symbol id="sm-6d9">
         <name>fputs</name>
         <value>0x23e1</value>
         <object_component_ref idref="oc-1ed"/>
      </symbol>
      <symbol id="sm-6e3">
         <name>__aeabi_i2d</name>
         <value>0x426d</value>
         <object_component_ref idref="oc-29e"/>
      </symbol>
      <symbol id="sm-6f2">
         <name>ltoa</name>
         <value>0x3e5d</value>
         <object_component_ref idref="oc-298"/>
      </symbol>
      <symbol id="sm-702">
         <name>memccpy</name>
         <value>0x43c7</value>
         <object_component_ref idref="oc-2c0"/>
      </symbol>
      <symbol id="sm-712">
         <name>memchr</name>
         <value>0x436d</value>
         <object_component_ref idref="oc-266"/>
      </symbol>
      <symbol id="sm-72d">
         <name>frexpl</name>
         <value>0x3b31</value>
         <object_component_ref idref="oc-2a8"/>
      </symbol>
      <symbol id="sm-72e">
         <name>frexp</name>
         <value>0x3b31</value>
         <object_component_ref idref="oc-2a8"/>
      </symbol>
      <symbol id="sm-74b">
         <name>scalbn</name>
         <value>0x2a49</value>
         <object_component_ref idref="oc-2ae"/>
      </symbol>
      <symbol id="sm-74c">
         <name>scalbnl</name>
         <value>0x2a49</value>
         <object_component_ref idref="oc-2ae"/>
      </symbol>
      <symbol id="sm-74d">
         <name>ldexpl</name>
         <value>0x2a49</value>
         <object_component_ref idref="oc-2ae"/>
      </symbol>
      <symbol id="sm-74e">
         <name>ldexp</name>
         <value>0x2a49</value>
         <object_component_ref idref="oc-2ae"/>
      </symbol>
      <symbol id="sm-758">
         <name>_system_post_cinit</name>
         <value>0x23df</value>
         <object_component_ref idref="oc-a9"/>
      </symbol>
      <symbol id="sm-768">
         <name>strchr</name>
         <value>0x4415</value>
         <object_component_ref idref="oc-2b4"/>
      </symbol>
      <symbol id="sm-776">
         <name>strlen</name>
         <value>0x447d</value>
         <object_component_ref idref="oc-260"/>
      </symbol>
      <symbol id="sm-792">
         <name>__aeabi_uldivmod</name>
         <value>0x1909</value>
         <object_component_ref idref="oc-27a"/>
      </symbol>
      <symbol id="sm-7b8">
         <name>_stream</name>
         <value>0x20000ba0</value>
         <object_component_ref idref="oc-346"/>
      </symbol>
      <symbol id="sm-7b9">
         <name>_device</name>
         <value>0x20000b28</value>
         <object_component_ref idref="oc-3b1"/>
      </symbol>
      <symbol id="sm-7ba">
         <name>write</name>
         <value>0x4345</value>
         <object_component_ref idref="oc-272"/>
      </symbol>
      <symbol id="sm-7d8">
         <name>__TI_wrt_ok</name>
         <value>0x2f69</value>
         <object_component_ref idref="oc-25a"/>
      </symbol>
      <symbol id="sm-7d9">
         <name>__TI_rd_ok</name>
         <value>0x2fcb</value>
         <object_component_ref idref="oc-25a"/>
      </symbol>
      <symbol id="sm-7e1">
         <name>errno</name>
         <value>0x20000c5c</value>
         <object_component_ref idref="oc-364"/>
      </symbol>
      <symbol id="sm-7fb">
         <name>__TI_doflush</name>
         <value>0x2de5</value>
         <object_component_ref idref="oc-26c"/>
      </symbol>
      <symbol id="sm-7fc">
         <name>fflush</name>
         <value>0x2e31</value>
         <object_component_ref idref="oc-26c"/>
      </symbol>
      <symbol id="sm-80e">
         <name>fseek</name>
         <value>0x3acd</value>
         <object_component_ref idref="oc-32f"/>
      </symbol>
      <symbol id="sm-81f">
         <name>HOSTclose</name>
         <value>0x4075</value>
         <object_component_ref idref="oc-3fe"/>
      </symbol>
      <symbol id="sm-830">
         <name>HOSTlseek</name>
         <value>0x3999</value>
         <object_component_ref idref="oc-410"/>
      </symbol>
      <symbol id="sm-842">
         <name>parmbuf</name>
         <value>0x20000a20</value>
      </symbol>
      <symbol id="sm-843">
         <name>HOSTopen</name>
         <value>0x3bf5</value>
         <object_component_ref idref="oc-3f8"/>
      </symbol>
      <symbol id="sm-854">
         <name>HOSTread</name>
         <value>0x3cb1</value>
         <object_component_ref idref="oc-404"/>
      </symbol>
      <symbol id="sm-865">
         <name>HOSTrename</name>
         <value>0x38c5</value>
         <object_component_ref idref="oc-41c"/>
      </symbol>
      <symbol id="sm-876">
         <name>HOSTunlink</name>
         <value>0x40b9</value>
         <object_component_ref idref="oc-416"/>
      </symbol>
      <symbol id="sm-887">
         <name>HOSTwrite</name>
         <value>0x3d09</value>
         <object_component_ref idref="oc-40a"/>
      </symbol>
      <symbol id="sm-897">
         <name>lseek</name>
         <value>0x431d</value>
         <object_component_ref idref="oc-38c"/>
      </symbol>
      <symbol id="sm-8a1">
         <name>copysign</name>
         <value>0x4455</value>
         <object_component_ref idref="oc-35e"/>
      </symbol>
      <symbol id="sm-8a2">
         <name>copysignl</name>
         <value>0x4455</value>
         <object_component_ref idref="oc-35e"/>
      </symbol>
      <symbol id="sm-8be">
         <name>setvbuf</name>
         <value>0x2d09</value>
         <object_component_ref idref="oc-335"/>
      </symbol>
      <symbol id="sm-8cc">
         <name>strcpy</name>
         <value>0x4469</value>
         <object_component_ref idref="oc-459"/>
      </symbol>
      <symbol id="sm-8e7">
         <name>__TI_readmsg</name>
         <value>0x3a33</value>
         <object_component_ref idref="oc-445"/>
      </symbol>
      <symbol id="sm-8e8">
         <name>C$$IO$$</name>
         <value>0x3a2f</value>
         <object_component_ref idref="oc-445"/>
      </symbol>
      <symbol id="sm-8e9">
         <name>__CIOBUF_</name>
         <value>0x20000800</value>
         <object_component_ref idref="oc-477"/>
      </symbol>
      <symbol id="sm-8ea">
         <name>__TI_writemsg</name>
         <value>0x3a01</value>
         <object_component_ref idref="oc-445"/>
      </symbol>
      <symbol id="sm-921">
         <name>__TI_cleanup</name>
         <value>0x1bc5</value>
         <object_component_ref idref="oc-39a"/>
      </symbol>
      <symbol id="sm-922">
         <name>freopen</name>
         <value>0x1bf1</value>
         <object_component_ref idref="oc-39a"/>
      </symbol>
      <symbol id="sm-923">
         <name>fopen</name>
         <value>0x1c1b</value>
         <object_component_ref idref="oc-39a"/>
      </symbol>
      <symbol id="sm-992">
         <name>_sys_memory</name>
         <value>0x20000000</value>
         <object_component_ref idref="oc-30"/>
      </symbol>
      <symbol id="sm-993">
         <name>free</name>
         <value>0x130f</value>
         <object_component_ref idref="oc-394"/>
      </symbol>
      <symbol id="sm-994">
         <name>realloc</name>
         <value>0x13d1</value>
         <object_component_ref idref="oc-394"/>
      </symbol>
      <symbol id="sm-995">
         <name>memalign</name>
         <value>0x14d9</value>
         <object_component_ref idref="oc-394"/>
      </symbol>
      <symbol id="sm-996">
         <name>calloc</name>
         <value>0x15c5</value>
         <object_component_ref idref="oc-394"/>
      </symbol>
      <symbol id="sm-997">
         <name>malloc</name>
         <value>0x12a5</value>
         <object_component_ref idref="oc-394"/>
      </symbol>
      <symbol id="sm-998">
         <name>minit</name>
         <value>0x1225</value>
         <object_component_ref idref="oc-394"/>
      </symbol>
      <symbol id="sm-9b5">
         <name>open</name>
         <value>0x2ead</value>
         <object_component_ref idref="oc-3e7"/>
      </symbol>
      <symbol id="sm-9cb">
         <name>__TI_closefile</name>
         <value>0x31e5</value>
         <object_component_ref idref="oc-3ed"/>
      </symbol>
      <symbol id="sm-9cc">
         <name>fclose</name>
         <value>0x324b</value>
         <object_component_ref idref="oc-3ed"/>
      </symbol>
      <symbol id="sm-9e6">
         <name>finddevice</name>
         <value>0x37e5</value>
         <object_component_ref idref="oc-42b"/>
      </symbol>
      <symbol id="sm-9e7">
         <name>getdevice</name>
         <value>0x380f</value>
         <object_component_ref idref="oc-42b"/>
      </symbol>
      <symbol id="sm-9f7">
         <name>strcmp</name>
         <value>0x43fd</value>
         <object_component_ref idref="oc-461"/>
      </symbol>
      <symbol id="sm-a07">
         <name>strncpy</name>
         <value>0x4205</value>
         <object_component_ref idref="oc-467"/>
      </symbol>
      <symbol id="sm-a17">
         <name>unlink</name>
         <value>0x42c9</value>
         <object_component_ref idref="oc-43a"/>
      </symbol>
      <symbol id="sm-a2b">
         <name>close</name>
         <value>0x3c55</value>
         <object_component_ref idref="oc-434"/>
      </symbol>
      <symbol id="sm-a2c">
         <name>__TI_static_base__</name>
         <value>0x0</value>
      </symbol>
      <symbol id="sm-a2f">
         <name>SHT$$INIT_ARRAY$$Limit</name>
         <value>0x0</value>
      </symbol>
      <symbol id="sm-a30">
         <name>SHT$$INIT_ARRAY$$Base</name>
         <value>0x0</value>
      </symbol>
      <symbol id="sm-a31">
         <name>NMI_Handler</name>
         <value>0x1223</value>
      </symbol>
      <symbol id="sm-a32">
         <name>HardFault_Handler</name>
         <value>0x1223</value>
      </symbol>
      <symbol id="sm-a33">
         <name>MemManage_Handler</name>
         <value>0x1223</value>
      </symbol>
      <symbol id="sm-a34">
         <name>BusFault_Handler</name>
         <value>0x1223</value>
      </symbol>
      <symbol id="sm-a35">
         <name>UsageFault_Handler</name>
         <value>0x1223</value>
      </symbol>
      <symbol id="sm-a36">
         <name>SVC_Handler</name>
         <value>0x1223</value>
      </symbol>
      <symbol id="sm-a37">
         <name>DebugMon_Handler</name>
         <value>0x1223</value>
      </symbol>
      <symbol id="sm-a38">
         <name>PendSV_Handler</name>
         <value>0x1223</value>
      </symbol>
      <symbol id="sm-a39">
         <name>SysTick_Handler</name>
         <value>0x1223</value>
      </symbol>
      <symbol id="sm-a3a">
         <name>PSS_IRQHandler</name>
         <value>0x1223</value>
      </symbol>
      <symbol id="sm-a3b">
         <name>CS_IRQHandler</name>
         <value>0x1223</value>
      </symbol>
      <symbol id="sm-a3c">
         <name>PCM_IRQHandler</name>
         <value>0x1223</value>
      </symbol>
      <symbol id="sm-a3d">
         <name>WDT_A_IRQHandler</name>
         <value>0x1223</value>
      </symbol>
      <symbol id="sm-a3e">
         <name>FPU_IRQHandler</name>
         <value>0x1223</value>
      </symbol>
      <symbol id="sm-a3f">
         <name>FLCTL_IRQHandler</name>
         <value>0x1223</value>
      </symbol>
      <symbol id="sm-a40">
         <name>COMP_E0_IRQHandler</name>
         <value>0x1223</value>
      </symbol>
      <symbol id="sm-a41">
         <name>COMP_E1_IRQHandler</name>
         <value>0x1223</value>
      </symbol>
      <symbol id="sm-a42">
         <name>TA0_0_IRQHandler</name>
         <value>0x1223</value>
      </symbol>
      <symbol id="sm-a43">
         <name>TA0_N_IRQHandler</name>
         <value>0x1223</value>
      </symbol>
      <symbol id="sm-a44">
         <name>TA1_0_IRQHandler</name>
         <value>0x1223</value>
      </symbol>
      <symbol id="sm-a45">
         <name>TA1_N_IRQHandler</name>
         <value>0x1223</value>
      </symbol>
      <symbol id="sm-a46">
         <name>TA2_0_IRQHandler</name>
         <value>0x1223</value>
      </symbol>
      <symbol id="sm-a47">
         <name>TA2_N_IRQHandler</name>
         <value>0x1223</value>
      </symbol>
      <symbol id="sm-a48">
         <name>TA3_0_IRQHandler</name>
         <value>0x1223</value>
      </symbol>
      <symbol id="sm-a49">
         <name>TA3_N_IRQHandler</name>
         <value>0x1223</value>
      </symbol>
      <symbol id="sm-a4a">
         <name>EUSCIA0_IRQHandler</name>
         <value>0x1223</value>
      </symbol>
      <symbol id="sm-a4b">
         <name>EUSCIA1_IRQHandler</name>
         <value>0x1223</value>
      </symbol>
      <symbol id="sm-a4c">
         <name>EUSCIA2_IRQHandler</name>
         <value>0x1223</value>
      </symbol>
      <symbol id="sm-a4d">
         <name>EUSCIA3_IRQHandler</name>
         <value>0x1223</value>
      </symbol>
      <symbol id="sm-a4e">
         <name>EUSCIB0_IRQHandler</name>
         <value>0x1223</value>
      </symbol>
      <symbol id="sm-a4f">
         <name>EUSCIB1_IRQHandler</name>
         <value>0x1223</value>
      </symbol>
      <symbol id="sm-a50">
         <name>EUSCIB2_IRQHandler</name>
         <value>0x1223</value>
      </symbol>
      <symbol id="sm-a51">
         <name>EUSCIB3_IRQHandler</name>
         <value>0x1223</value>
      </symbol>
      <symbol id="sm-a52">
         <name>ADC14_IRQHandler</name>
         <value>0x1223</value>
      </symbol>
      <symbol id="sm-a53">
         <name>T32_INT1_IRQHandler</name>
         <value>0x1223</value>
      </symbol>
      <symbol id="sm-a54">
         <name>T32_INT2_IRQHandler</name>
         <value>0x1223</value>
      </symbol>
      <symbol id="sm-a55">
         <name>T32_INTC_IRQHandler</name>
         <value>0x1223</value>
      </symbol>
      <symbol id="sm-a56">
         <name>AES256_IRQHandler</name>
         <value>0x1223</value>
      </symbol>
      <symbol id="sm-a57">
         <name>RTC_C_IRQHandler</name>
         <value>0x1223</value>
      </symbol>
      <symbol id="sm-a58">
         <name>DMA_ERR_IRQHandler</name>
         <value>0x1223</value>
      </symbol>
      <symbol id="sm-a59">
         <name>DMA_INT3_IRQHandler</name>
         <value>0x1223</value>
      </symbol>
      <symbol id="sm-a5a">
         <name>DMA_INT2_IRQHandler</name>
         <value>0x1223</value>
      </symbol>
      <symbol id="sm-a5b">
         <name>DMA_INT1_IRQHandler</name>
         <value>0x1223</value>
      </symbol>
      <symbol id="sm-a5c">
         <name>DMA_INT0_IRQHandler</name>
         <value>0x1223</value>
      </symbol>
      <symbol id="sm-a5d">
         <name>PORT1_IRQHandler</name>
         <value>0x1223</value>
      </symbol>
      <symbol id="sm-a5e">
         <name>PORT2_IRQHandler</name>
         <value>0x1223</value>
      </symbol>
      <symbol id="sm-a5f">
         <name>PORT3_IRQHandler</name>
         <value>0x1223</value>
      </symbol>
      <symbol id="sm-a60">
         <name>PORT4_IRQHandler</name>
         <value>0x1223</value>
      </symbol>
      <symbol id="sm-a61">
         <name>PORT5_IRQHandler</name>
         <value>0x1223</value>
      </symbol>
      <symbol id="sm-a62">
         <name>PORT6_IRQHandler</name>
         <value>0x1223</value>
      </symbol>
      <symbol id="sm-a63">
         <name>remove</name>
         <value>0x42c9</value>
      </symbol>
   </symbol_table>
   <title>Link successful</title>
</link_info>
