******************************************************************************
                  TI ARM Linker PC v16.9.4                     
******************************************************************************
>> Linked Fri Oct 20 08:43:36 2017

OUTPUT FILE NAME:   <lab8.out>
ENTRY POINT SYMBOL: "_c_int00"  address: 00003db5


MEMORY CONFIGURATION

         name            origin    length      used     unused   attr    fill
----------------------  --------  ---------  --------  --------  ----  --------
  MAIN                  00000000   00040000  00004c77  0003b389  R  X
  INFO                  00200000   00004000  00000000  00004000  R  X
  SRAM_CODE             01000000   00010000  00000e6c  0000f194  RW X
  SRAM_DATA             20000000   00010000  00000e6c  0000f194  RW  


SEGMENT ALLOCATION MAP

run origin  load origin   length   init length attrs members
----------  ----------- ---------- ----------- ----- -------
00000000    00000000    00004c80   00004c80    r-x
  00000000    00000000    000000e4   000000e4    r-- .intvecs
  000000e4    000000e4    0000443e   0000443e    r-x .text
  00004524    00004524    00000695   00000695    r-- .const
  00004bc0    00004bc0    000000c0   000000c0    r-- .cinit
20000000    20000000    00000c6c   00000000    rw-
  20000000    20000000    00000800   00000000    rw- .sysmem
  20000800    20000800    00000238   00000000    rw- .bss
  20000a38    20000a38    00000234   00000000    rw- .data
2000fe00    2000fe00    00000200   00000000    rw-
  2000fe00    2000fe00    00000200   00000000    rw- .stack


SECTION ALLOCATION MAP

 output                                  attributes/
section   page    origin      length       input sections
--------  ----  ----------  ----------   ----------------
.intvecs   0    00000000    000000e4     
                  00000000    000000e4     startup_msp432p401r_ccs.obj (.intvecs:retain)

.binit     0    00000000    00000000     

.text      0    000000e4    0000443e     
                  000000e4    0000113e     rtsv7M4_T_le_v4SPD16_eabi.lib : _printfi.obj (.text)
                  00001222    00000002     startup_msp432p401r_ccs.obj (.text:Default_Handler)
                  00001224    000003d0     rtsv7M4_T_le_v4SPD16_eabi.lib : memory.obj (.text)
                  000015f4    00000314     main.obj (.text:i2cread)
                  00001908    000001f4     rtsv7M4_T_le_v4SPD16_eabi.lib : ull_div_t2.obj (.text)
                  00001afc    000001c4                                   : fopen.obj (.text)
                  00001cc0    000001b6                                   : fd_add_t2.obj (.text)
                  00001e76    00000002                                   : mpu_init.obj (.text)
                  00001e78    0000017c     ST7735.obj (.text:ST7735_DrawCharS)
                  00001ff4    00000178     main.obj (.text:saveTimeDate)
                  0000216c    0000013c     main.obj (.text:printDate)
                  000022a8    00000136     rtsv7M4_T_le_v4SPD16_eabi.lib : fd_div_t2.obj (.text)
                  000023de    00000002                                   : startup.obj (.text)
                  000023e0    00000134                                   : fputs.obj (.text)
                  00002514    00000128     main.obj (.text:i2cwrite)
                  0000263c    00000114     ST7735.obj (.text:ST7735_FillRect)
                  00002750    00000100     ST7735.obj (.text:commonInit)
                  00002850    000000fc     main.obj (.text:main)
                  0000294c    000000fc     rtsv7M4_T_le_v4SPD16_eabi.lib : fd_mul_t2.obj (.text)
                  00002a48    000000fc                                   : s_scalbn.obj (.text)
                  00002b44    000000e4     main.obj (.text:keypad_getkey)
                  00002c28    000000e0     ST7735.obj (.text:ST7735_OutChar)
                  00002d08    000000dc     rtsv7M4_T_le_v4SPD16_eabi.lib : setvbuf.obj (.text)
                  00002de4    000000c8                                   : fflush.obj (.text)
                  00002eac    000000bc                                   : open.obj (.text)
                  00002f68    000000ac                                   : _io_perm.obj (.text)
                  00003014    0000009c     msp432p4xx_driverlib.lib : cs_MSP432P4XX.obj (.text:CS_startHFXTWithTimeout)
                  000030b0    0000009c     rtsv7M4_T_le_v4SPD16_eabi.lib : memcpy_t2.obj (.text)
                  0000314c    00000098     ST7735.obj (.text:commandList)
                  000031e4    00000098     rtsv7M4_T_le_v4SPD16_eabi.lib : fclose.obj (.text)
                  0000327c    00000088     ST7735.obj (.text:ST7735_InitR)
                  00003304    00000088     ST7735.obj (.text:ST7735_OutUDec)
                  0000338c    00000088     ST7735.obj (.text:setAddrWindow)
                  00003414    00000086     rtsv7M4_T_le_v4SPD16_eabi.lib : fd_cmp_t2.obj (.text:__aeabi_cdcmple)
                  0000349a    00000086                                   : fd_cmp_t2.obj (.text:__aeabi_cdrcmple)
                  00003520    00000080     ST7735.obj (.text:ST7735_DrawString)
                  000035a0    0000007a     rtsv7M4_T_le_v4SPD16_eabi.lib : memset_t2.obj (.text)
                  0000361a    00000002     --HOLE-- [fill = 0]
                  0000361c    00000078     system_msp432p401r.obj (.text:SystemInit)
                  00003694    00000070     msp432p4xx_driverlib.lib : cs_MSP432P4XX.obj (.text:_CSGetHFXTFrequency)
                  00003704    00000070     main.obj (.text:clockInit48MHzXTL)
                  00003774    00000070     rtsv7M4_T_le_v4SPD16_eabi.lib : autoinit.obj (.text)
                  000037e4    00000070                                   : getdevice.obj (.text)
                  00003854    00000070                                   : printf.obj (.text)
                  000038c4    0000006c                                   : hostrename.obj (.text)
                  00003930    00000068                                   : copy_decompress_lzss.obj (.text:decompress:lzss)
                  00003998    00000068                                   : hostlseek.obj (.text)
                  00003a00    00000068                                   : trgmsg.obj (.text)
                  00003a68    00000064     ST7735.obj (.text:ST7735_DrawPixel)
                  00003acc    00000064     rtsv7M4_T_le_v4SPD16_eabi.lib : fseek.obj (.text)
                  00003b30    00000064                                   : s_frexp.obj (.text)
                  00003b94    00000060     main.obj (.text:i2cinit)
                  00003bf4    00000060     rtsv7M4_T_le_v4SPD16_eabi.lib : hostopen.obj (.text)
                  00003c54    0000005c                                   : close.obj (.text)
                  00003cb0    00000058                                   : hostread.obj (.text)
                  00003d08    00000058                                   : hostwrite.obj (.text)
                  00003d60    00000054     msp432p4xx_driverlib.lib : i2c_MSP432P4XX.obj (.text:I2C_masterSendMultiByteFinish)
                  00003db4    00000054     rtsv7M4_T_le_v4SPD16_eabi.lib : boot.obj (.text)
                  00003e08    00000054                                   : exit.obj (.text)
                  00003e5c    00000054                                   : ltoa.obj (.text)
                  00003eb0    00000050     main.obj (.text:loadTimeDate)
                  00003f00    0000004c     ST7735.obj (.text:fillmessage)
                  00003f4c    0000004c     rtsv7M4_T_le_v4SPD16_eabi.lib : atoi.obj (.text)
                  00003f98    0000004c                                   : cpy_tbl.obj (.text)
                  00003fe4    00000048     main.obj (.text:HomeScreen)
                  0000402c    00000048     rtsv7M4_T_le_v4SPD16_eabi.lib : fd_toi_t2.obj (.text)
                  00004074    00000044                                   : hostclose.obj (.text)
                  000040b8    00000044                                   : hostunlink.obj (.text)
                  000040fc    00000044     ST7735.obj (.text:writecommand)
                  00004140    00000044     ST7735.obj (.text:writedata)
                  00004184    00000040     main.obj (.text:Char_Convert)
                  000041c4    00000040     msp432p4xx_driverlib.lib : i2c_MSP432P4XX.obj (.text:I2C_masterSendMultiByteStart)
                  00004204    00000036     rtsv7M4_T_le_v4SPD16_eabi.lib : strncpy.obj (.text)
                  0000423a    00000002     --HOLE-- [fill = 0]
                  0000423c    00000030     ST7735.obj (.text:ST7735_SetCursor)
                  0000426c    0000002e     rtsv7M4_T_le_v4SPD16_eabi.lib : i_tofd_t2.obj (.text)
                  0000429a    00000002     --HOLE-- [fill = 0]
                  0000429c    0000002c     ST7735.obj (.text:ST7735_FillScreen)
                  000042c8    0000002c     rtsv7M4_T_le_v4SPD16_eabi.lib : unlink.obj (.text)
                  000042f4    00000028     main.obj (.text:SysTick_Init)
                  0000431c    00000028     rtsv7M4_T_le_v4SPD16_eabi.lib : lseek.obj (.text)
                  00004344    00000028                                   : write.obj (.text)
                  0000436c    00000020                                   : memchr.obj (.text)
                  0000438c    0000001e     ST7735.obj (.text:Delay1ms)
                  000043aa    0000001c     ST7735.obj (.text:pushColor)
                  000043c6    0000001c     rtsv7M4_T_le_v4SPD16_eabi.lib : memccpy.obj (.text)
                  000043e2    00000002     --HOLE-- [fill = 0]
                  000043e4    00000018                                   : args_main.obj (.text)
                  000043fc    00000018                                   : strcmp.obj (.text)
                  00004414    00000016                                   : strchr.obj (.text)
                  0000442a    00000002     --HOLE-- [fill = 0]
                  0000442c    00000014     msp432p4xx_driverlib.lib : cs_MSP432P4XX.obj (.text:CS_setExternalClockSourceFrequency)
                  00004440    00000014     rtsv7M4_T_le_v4SPD16_eabi.lib : _lock.obj (.text)
                  00004454    00000014                                   : s_copysign.obj (.text)
                  00004468    00000014                                   : strcpy.obj (.text)
                  0000447c    00000014                                   : strlen.obj (.text)
                  00004490    00000012     main.obj (.text:DelayWait10ms)
                  000044a2    00000012     ST7735.obj (.text:fputc)
                  000044b4    00000010     msp432p4xx_driverlib.lib : sysctl_a_MSP432P4XX.obj (.text:SysCtl_A_disableNMISource)
                  000044c4    00000010                              : sysctl_a_MSP432P4XX.obj (.text:SysCtl_A_enableNMISource)
                  000044d4    00000010                              : sysctl_a_MSP432P4XX.obj (.text:SysCtl_A_getNMISourceStatus)
                  000044e4    0000000e     rtsv7M4_T_le_v4SPD16_eabi.lib : copy_decompress_none.obj (.text:decompress:none)
                  000044f2    0000000e     ST7735.obj (.text:parrotdelay)
                  00004500    0000000c     startup_msp432p401r_ccs.obj (.text:Reset_Handler)
                  0000450c    0000000c     rtsv7M4_T_le_v4SPD16_eabi.lib : copy_zero_init.obj (.text:decompress:ZI)
                  00004518    00000006     msp432p4xx_driverlib.lib : cs_MSP432P4XX.obj (.text:CS_startHFXT)
                  0000451e    00000004     rtsv7M4_T_le_v4SPD16_eabi.lib : pre_init.obj (.text)

.const     0    00004524    00000695     
                  00004524    000004fb     ST7735.obj (.const:.string:Font)
                  00004a1f    00000101     rtsv7M4_T_le_v4SPD16_eabi.lib : ctype.obj (.const:.string:_ctypes_)
                  00004b20    0000003b     ST7735.obj (.const:.string:Rcmd1)
                  00004b5b    0000002b     ST7735.obj (.const:.string:Rcmd3)
                  00004b86    00000002     --HOLE-- [fill = 0]
                  00004b88    00000014     main.obj (.const:i2cConfig)
                  00004b9c    0000000d     ST7735.obj (.const:.string:Rcmd2green)
                  00004ba9    0000000d     ST7735.obj (.const:.string:Rcmd2red)
                  00004bb6    00000003     main.obj (.const:.string:$P$T0$1)

.cinit     0    00004bc0    000000c0     
                  00004bc0    00000095     (.cinit..data.load) [load image, compression = lzss]
                  00004c55    00000003     --HOLE-- [fill = 0]
                  00004c58    0000000c     (__TI_handler_table)
                  00004c64    00000004     --HOLE-- [fill = 0]
                  00004c68    00000008     (.cinit..bss.load) [load image, compression = zero_init]
                  00004c70    00000010     (__TI_cinit_table)

.init_array 
*          0    00000000    00000000     UNINITIALIZED

.sysmem    0    20000000    00000800     UNINITIALIZED
                  20000000    00000008     rtsv7M4_T_le_v4SPD16_eabi.lib : memory.obj (.sysmem)
                  20000008    000007f8     --HOLE--

.bss       0    20000800    00000238     UNINITIALIZED
                  20000800    00000120     rtsv7M4_T_le_v4SPD16_eabi.lib : trgmsg.obj (.bss:_CIOBUF_)
                  20000920    000000a0     (.common:__TI_tmpnams)
                  200009c0    0000004c     (.common:RTC_registers)
                  20000a0c    0000000c     (.common:Message)
                  20000a18    00000008     msp432p4xx_driverlib.lib : cs_MSP432P4XX.obj (.bss)
                  20000a20    00000008     (.common:parmbuf)
                  20000a28    00000004     ST7735.obj (.bss)
                  20000a2c    00000004     (.common:Messageindex)
                  20000a30    00000004     (.common:addr_pointer)
                  20000a34    00000004     (.common:simulatedCalibrationData)

.data      0    20000a38    00000234     UNINITIALIZED
                  20000a38    000000f0     rtsv7M4_T_le_v4SPD16_eabi.lib : defs.obj (.data:_ftable)
                  20000b28    00000078                                   : write.obj (.data:_device)
                  20000ba0    00000050                                   : write.obj (.data:_stream)
                  20000bf0    00000028     main.obj (.data)
                  20000c18    00000014     ST7735.obj (.data)
                  20000c2c    00000010     rtsv7M4_T_le_v4SPD16_eabi.lib : defs.obj (.data)
                  20000c3c    0000000c                                   : exit.obj (.data:$O1$$)
                  20000c48    0000000c                                   : memory.obj (.data:$O1$$)
                  20000c54    00000008                                   : _lock.obj (.data:$O1$$)
                  20000c5c    00000004                                   : errno.obj (.data)
                  20000c60    00000004                                   : fopen.obj (.data)
                  20000c64    00000004                                   : open.obj (.data)
                  20000c68    00000004                                   : stkdepth_vars.obj (.data)

.stack     0    2000fe00    00000200     UNINITIALIZED
                  2000fe00    00000200     --HOLE--

MODULE SUMMARY

       Module                        code    ro data   rw data
       ------                        ----    -------   -------
    .\
       ST7735.obj                    2318    1403      80     
       main.obj                      2738    23        248    
       system_msp432p401r.obj        120     0         0      
    +--+-----------------------------+-------+---------+---------+
       Total:                        5176    1426      328    
                                                              
    .\ccs\
       startup_msp432p401r_ccs.obj   14      228       0      
    +--+-----------------------------+-------+---------+---------+
       Total:                        14      228       0      
                                                              
    C:/ti/simplelink_msp432p4_sdk_1_50_00_12/source/ti/devices/msp432p4xx/driverlib/ccs/msp432p4xx_driverlib.lib
       cs_MSP432P4XX.obj             294     0         16     
       i2c_MSP432P4XX.obj            148     0         0      
       sysctl_a_MSP432P4XX.obj       48      0         0      
    +--+-----------------------------+-------+---------+---------+
       Total:                        490     0         16     
                                                              
    C:\ti\ccsv7\tools\compiler\ti-cgt-arm_16.9.4.LTS\lib\rtsv7M4_T_le_v4SPD16_eabi.lib
       _printfi.obj                  4414    0         0      
       memory.obj                    976     0         24     
       defs.obj                      0       0         832    
       trgmsg.obj                    104     0         576    
       ull_div_t2.obj                500     0         0      
       fopen.obj                     452     0         8      
       write.obj                     40      0         400    
       fd_add_t2.obj                 438     0         0      
       fd_div_t2.obj                 310     0         0      
       fputs.obj                     308     0         0      
       fd_cmp_t2.obj                 268     0         0      
       ctype.obj                     0       257       0      
       fd_mul_t2.obj                 252     0         0      
       s_scalbn.obj                  252     0         0      
       setvbuf.obj                   220     0         0      
       fflush.obj                    200     0         0      
       open.obj                      188     0         8      
       _io_perm.obj                  172     0         0      
       memcpy_t2.obj                 156     0         0      
       fclose.obj                    152     0         0      
       memset_t2.obj                 122     0         0      
       autoinit.obj                  112     0         0      
       getdevice.obj                 112     0         0      
       hostopen.obj                  96      0         16     
       printf.obj                    112     0         0      
       exit.obj                      84      0         24     
       hostrename.obj                108     0         0      
       copy_decompress_lzss.obj      104     0         0      
       hostlseek.obj                 104     0         0      
       fseek.obj                     100     0         0      
       s_frexp.obj                   100     0         0      
       close.obj                     92      0         0      
       hostread.obj                  88      0         0      
       hostwrite.obj                 88      0         0      
       boot.obj                      84      0         0      
       ltoa.obj                      84      0         0      
       atoi.obj                      76      0         0      
       cpy_tbl.obj                   76      0         0      
       fd_toi_t2.obj                 72      0         0      
       hostclose.obj                 68      0         0      
       hostunlink.obj                68      0         0      
       strncpy.obj                   54      0         0      
       i_tofd_t2.obj                 46      0         0      
       unlink.obj                    44      0         0      
       lseek.obj                     40      0         0      
       _lock.obj                     20      0         16     
       memchr.obj                    32      0         0      
       memccpy.obj                   28      0         0      
       args_main.obj                 24      0         0      
       strcmp.obj                    24      0         0      
       strchr.obj                    22      0         0      
       s_copysign.obj                20      0         0      
       strcpy.obj                    20      0         0      
       strlen.obj                    20      0         0      
       copy_decompress_none.obj      14      0         0      
       copy_zero_init.obj            12      0         0      
       errno.obj                     0       0         8      
       stkdepth_vars.obj             0       0         8      
       pre_init.obj                  4       0         0      
       mpu_init.obj                  2       0         0      
       startup.obj                   2       0         0      
    +--+-----------------------------+-------+---------+---------+
       Total:                        11780   257       1920   
                                                              
       Heap:                         0       0         4096   
       Stack:                        0       0         1024   
       Linker Generated:             0       185       0      
    +--+-----------------------------+-------+---------+---------+
       Grand Total:                  17460   2096      7384   


LINKER GENERATED COPY TABLES

__TI_cinit_table @ 00004c70 records: 2, size/record: 8, table size: 16
	.data: load addr=00004bc0, load size=00000095 bytes, run addr=20000a38, run size=00000234 bytes, compression=lzss
	.bss: load addr=00004c68, load size=00000008 bytes, run addr=20000800, run size=00000238 bytes, compression=zero_init


LINKER GENERATED HANDLER TABLE

__TI_handler_table @ 00004c58 records: 3, size/record: 4, table size: 12
	index: 0, handler: __TI_decompress_lzss
	index: 1, handler: __TI_decompress_none
	index: 2, handler: __TI_zero_init


GLOBAL SYMBOLS: SORTED ALPHABETICALLY BY Name 

address   name                              
-------   ----                              
00001223  ADC14_IRQHandler                  
00001223  AES256_IRQHandler                 
00001223  BusFault_Handler                  
00003e09  C$$EXIT                           
00003a2f  C$$IO$$                           
00001223  COMP_E0_IRQHandler                
00001223  COMP_E1_IRQHandler                
00001223  CS_IRQHandler                     
0000442d  CS_setExternalClockSourceFrequency
00004519  CS_startHFXT                      
00003015  CS_startHFXTWithTimeout           
00004185  Char_Convert                      
00001223  DMA_ERR_IRQHandler                
00001223  DMA_INT0_IRQHandler               
00001223  DMA_INT1_IRQHandler               
00001223  DMA_INT2_IRQHandler               
00001223  DMA_INT3_IRQHandler               
00001223  DebugMon_Handler                  
00001223  Default_Handler                   
0000438d  Delay1ms                          
00004491  DelayWait10ms                     
00001223  EUSCIA0_IRQHandler                
00001223  EUSCIA1_IRQHandler                
00001223  EUSCIA2_IRQHandler                
00001223  EUSCIA3_IRQHandler                
00001223  EUSCIB0_IRQHandler                
00001223  EUSCIB1_IRQHandler                
00001223  EUSCIB2_IRQHandler                
00001223  EUSCIB3_IRQHandler                
00001223  FLCTL_IRQHandler                  
00001223  FPU_IRQHandler                    
00004075  HOSTclose                         
00003999  HOSTlseek                         
00003bf5  HOSTopen                          
00003cb1  HOSTread                          
000038c5  HOSTrename                        
000040b9  HOSTunlink                        
00003d09  HOSTwrite                         
00001223  HardFault_Handler                 
00003fe5  HomeScreen                        
00003d61  I2C_masterSendMultiByteFinish     
000041c5  I2C_masterSendMultiByteStart      
00001223  MemManage_Handler                 
20000a0c  Message                           
20000a2c  Messageindex                      
00001223  NMI_Handler                       
00001223  PCM_IRQHandler                    
00001223  PORT1_IRQHandler                  
00001223  PORT2_IRQHandler                  
00001223  PORT3_IRQHandler                  
00001223  PORT4_IRQHandler                  
00001223  PORT5_IRQHandler                  
00001223  PORT6_IRQHandler                  
00001223  PSS_IRQHandler                    
00001223  PendSV_Handler                    
20000bf0  RTC_ADDRESS                       
00001223  RTC_C_IRQHandler                  
200009c0  RTC_registers                     
00004501  Reset_Handler                     
UNDEFED   SHT$$INIT_ARRAY$$Base             
UNDEFED   SHT$$INIT_ARRAY$$Limit            
00001e79  ST7735_DrawCharS                  
00003a69  ST7735_DrawPixel                  
00003521  ST7735_DrawString                 
0000263d  ST7735_FillRect                   
0000429d  ST7735_FillScreen                 
0000327d  ST7735_InitR                      
00002c29  ST7735_OutChar                    
00003305  ST7735_OutUDec                    
0000423d  ST7735_SetCursor                  
00001223  SVC_Handler                       
20000c20  StTextColor                       
20000c18  StX                               
20000c1c  StY                               
000044b5  SysCtl_A_disableNMISource         
000044c5  SysCtl_A_enableNMISource          
000044d5  SysCtl_A_getNMISourceStatus       
00001223  SysTick_Handler                   
000042f5  SysTick_Init                      
0000361d  SystemInit                        
00001223  T32_INT1_IRQHandler               
00001223  T32_INT2_IRQHandler               
00001223  T32_INTC_IRQHandler               
00001223  TA0_0_IRQHandler                  
00001223  TA0_N_IRQHandler                  
00001223  TA1_0_IRQHandler                  
00001223  TA1_N_IRQHandler                  
00001223  TA2_0_IRQHandler                  
00001223  TA2_N_IRQHandler                  
00001223  TA3_0_IRQHandler                  
00001223  TA3_N_IRQHandler                  
00001223  UsageFault_Handler                
4000480c  WDTCTL_SYM                        
00001223  WDT_A_IRQHandler                  
20000800  __CIOBUF_                         
20010000  __STACK_END                       
00000200  __STACK_SIZE                      
00000800  __SYSMEM_SIZE                     
00004c70  __TI_CINIT_Base                   
00004c80  __TI_CINIT_Limit                  
00004c58  __TI_Handler_Table_Base           
00004c64  __TI_Handler_Table_Limit          
00003775  __TI_auto_init                    
00001bc5  __TI_cleanup                      
20000c3c  __TI_cleanup_ptr                  
000031e5  __TI_closefile                    
00003931  __TI_decompress_lzss              
000044e5  __TI_decompress_none              
00002de5  __TI_doflush                      
20000c40  __TI_dtors_ptr                    
20000c44  __TI_enable_exit_profile_output   
20000c2c  __TI_ft_end                       
ffffffff  __TI_pprof_out_hndl               
00000929  __TI_printfi                      
ffffffff  __TI_prof_data_size               
ffffffff  __TI_prof_data_start              
00002fcb  __TI_rd_ok                        
00003a33  __TI_readmsg                      
00000000  __TI_static_base__                
20000920  __TI_tmpnams                      
00003a01  __TI_writemsg                     
00002f69  __TI_wrt_ok                       
0000450d  __TI_zero_init                    
00003415  __aeabi_cdcmpeq                   
00003415  __aeabi_cdcmple                   
0000349b  __aeabi_cdrcmple                  
0000402d  __aeabi_d2iz                      
00001ccb  __aeabi_dadd                      
000022a9  __aeabi_ddiv                      
0000294d  __aeabi_dmul                      
00001cc1  __aeabi_dsub                      
0000426d  __aeabi_i2d                       
000035a1  __aeabi_memclr                    
000035a1  __aeabi_memclr4                   
000035a1  __aeabi_memclr8                   
000030b1  __aeabi_memcpy                    
000030b1  __aeabi_memcpy4                   
000030b1  __aeabi_memcpy8                   
000035a3  __aeabi_memset                    
000035a3  __aeabi_memset4                   
000035a3  __aeabi_memset8                   
20000c38  __aeabi_stderr                    
20000c30  __aeabi_stdin                     
20000c34  __aeabi_stdout                    
00001909  __aeabi_uldivmod                  
ffffffff  __binit__                         
ffffffff  __c_args__                        
00001e77  __mpu_init                        
2000fe00  __stack                           
000043e5  _args_main                        
00003db5  _c_int00                          
00004a1f  _ctypes_                          
20000b28  _device                           
20000a38  _ftable                           
20000c54  _lock                             
0000444f  _nop                              
00004447  _register_lock                    
00004441  _register_unlock                  
20000ba0  _stream                           
20000000  _sys_memory                       
000023df  _system_post_cinit                
0000451f  _system_pre_init                  
20000c58  _unlock                           
00003e0d  abort                             
20000a30  addr_pointer                      
00003f4d  atoi                              
20000c04  bcdDate                           
20000c00  bcdDay                            
20000bfc  bcdHour                           
20000bf8  bcdMinute                         
20000c08  bcdMonth                          
20000bf4  bcdSecond                         
20000c0c  bcdYear                           
ffffffff  binit                             
20000c14  c                                 
000015c5  calloc                            
00003705  clockInit48MHzXTL                 
00003c55  close                             
00003f99  copy_in                           
00004455  copysign                          
00004455  copysignl                         
20000c5c  errno                             
00003e15  exit                              
0000324b  fclose                            
00002e31  fflush                            
00003f01  fillmessage                       
000037e5  finddevice                        
20000c10  flag                              
00001c1b  fopen                             
000044a3  fputc                             
000023e1  fputs                             
0000130f  free                              
00001bf1  freopen                           
00003b31  frexp                             
00003b31  frexpl                            
00003acd  fseek                             
0000380f  getdevice                         
00004b88  i2cConfig                         
00003b95  i2cinit                           
000015f5  i2cread                           
00002515  i2cwrite                          
00000000  interruptVectors                  
00002b45  keypad_getkey                     
20000c28  lastj                             
00002a49  ldexp                             
00002a49  ldexpl                            
00003eb1  loadTimeDate                      
0000431d  lseek                             
00003e5d  ltoa                              
00002851  main                              
20000c68  main_func_sp                      
000012a5  malloc                            
000014d9  memalign                          
000043c7  memccpy                           
0000436d  memchr                            
000030b1  memcpy                            
000035a9  memset                            
00001225  minit                             
00002ead  open                              
20000a20  parmbuf                           
000044f3  parrotdelay                       
0000216d  printDate                         
0000385d  printf                            
000024ed  puts                              
000013d1  realloc                           
000042c9  remove                            
00001ff5  saveTimeDate                      
00002a49  scalbn                            
00002a49  scalbnl                           
00002d09  setvbuf                           
20000a34  simulatedCalibrationData          
00004415  strchr                            
000043fd  strcmp                            
00004469  strcpy                            
0000447d  strlen                            
00004205  strncpy                           
000042c9  unlink                            
00004345  write                             


GLOBAL SYMBOLS: SORTED BY Symbol Address 

address   name                              
-------   ----                              
00000000  __TI_static_base__                
00000000  interruptVectors                  
00000200  __STACK_SIZE                      
00000800  __SYSMEM_SIZE                     
00000929  __TI_printfi                      
00001223  ADC14_IRQHandler                  
00001223  AES256_IRQHandler                 
00001223  BusFault_Handler                  
00001223  COMP_E0_IRQHandler                
00001223  COMP_E1_IRQHandler                
00001223  CS_IRQHandler                     
00001223  DMA_ERR_IRQHandler                
00001223  DMA_INT0_IRQHandler               
00001223  DMA_INT1_IRQHandler               
00001223  DMA_INT2_IRQHandler               
00001223  DMA_INT3_IRQHandler               
00001223  DebugMon_Handler                  
00001223  Default_Handler                   
00001223  EUSCIA0_IRQHandler                
00001223  EUSCIA1_IRQHandler                
00001223  EUSCIA2_IRQHandler                
00001223  EUSCIA3_IRQHandler                
00001223  EUSCIB0_IRQHandler                
00001223  EUSCIB1_IRQHandler                
00001223  EUSCIB2_IRQHandler                
00001223  EUSCIB3_IRQHandler                
00001223  FLCTL_IRQHandler                  
00001223  FPU_IRQHandler                    
00001223  HardFault_Handler                 
00001223  MemManage_Handler                 
00001223  NMI_Handler                       
00001223  PCM_IRQHandler                    
00001223  PORT1_IRQHandler                  
00001223  PORT2_IRQHandler                  
00001223  PORT3_IRQHandler                  
00001223  PORT4_IRQHandler                  
00001223  PORT5_IRQHandler                  
00001223  PORT6_IRQHandler                  
00001223  PSS_IRQHandler                    
00001223  PendSV_Handler                    
00001223  RTC_C_IRQHandler                  
00001223  SVC_Handler                       
00001223  SysTick_Handler                   
00001223  T32_INT1_IRQHandler               
00001223  T32_INT2_IRQHandler               
00001223  T32_INTC_IRQHandler               
00001223  TA0_0_IRQHandler                  
00001223  TA0_N_IRQHandler                  
00001223  TA1_0_IRQHandler                  
00001223  TA1_N_IRQHandler                  
00001223  TA2_0_IRQHandler                  
00001223  TA2_N_IRQHandler                  
00001223  TA3_0_IRQHandler                  
00001223  TA3_N_IRQHandler                  
00001223  UsageFault_Handler                
00001223  WDT_A_IRQHandler                  
00001225  minit                             
000012a5  malloc                            
0000130f  free                              
000013d1  realloc                           
000014d9  memalign                          
000015c5  calloc                            
000015f5  i2cread                           
00001909  __aeabi_uldivmod                  
00001bc5  __TI_cleanup                      
00001bf1  freopen                           
00001c1b  fopen                             
00001cc1  __aeabi_dsub                      
00001ccb  __aeabi_dadd                      
00001e77  __mpu_init                        
00001e79  ST7735_DrawCharS                  
00001ff5  saveTimeDate                      
0000216d  printDate                         
000022a9  __aeabi_ddiv                      
000023df  _system_post_cinit                
000023e1  fputs                             
000024ed  puts                              
00002515  i2cwrite                          
0000263d  ST7735_FillRect                   
00002851  main                              
0000294d  __aeabi_dmul                      
00002a49  ldexp                             
00002a49  ldexpl                            
00002a49  scalbn                            
00002a49  scalbnl                           
00002b45  keypad_getkey                     
00002c29  ST7735_OutChar                    
00002d09  setvbuf                           
00002de5  __TI_doflush                      
00002e31  fflush                            
00002ead  open                              
00002f69  __TI_wrt_ok                       
00002fcb  __TI_rd_ok                        
00003015  CS_startHFXTWithTimeout           
000030b1  __aeabi_memcpy                    
000030b1  __aeabi_memcpy4                   
000030b1  __aeabi_memcpy8                   
000030b1  memcpy                            
000031e5  __TI_closefile                    
0000324b  fclose                            
0000327d  ST7735_InitR                      
00003305  ST7735_OutUDec                    
00003415  __aeabi_cdcmpeq                   
00003415  __aeabi_cdcmple                   
0000349b  __aeabi_cdrcmple                  
00003521  ST7735_DrawString                 
000035a1  __aeabi_memclr                    
000035a1  __aeabi_memclr4                   
000035a1  __aeabi_memclr8                   
000035a3  __aeabi_memset                    
000035a3  __aeabi_memset4                   
000035a3  __aeabi_memset8                   
000035a9  memset                            
0000361d  SystemInit                        
00003705  clockInit48MHzXTL                 
00003775  __TI_auto_init                    
000037e5  finddevice                        
0000380f  getdevice                         
0000385d  printf                            
000038c5  HOSTrename                        
00003931  __TI_decompress_lzss              
00003999  HOSTlseek                         
00003a01  __TI_writemsg                     
00003a2f  C$$IO$$                           
00003a33  __TI_readmsg                      
00003a69  ST7735_DrawPixel                  
00003acd  fseek                             
00003b31  frexp                             
00003b31  frexpl                            
00003b95  i2cinit                           
00003bf5  HOSTopen                          
00003c55  close                             
00003cb1  HOSTread                          
00003d09  HOSTwrite                         
00003d61  I2C_masterSendMultiByteFinish     
00003db5  _c_int00                          
00003e09  C$$EXIT                           
00003e0d  abort                             
00003e15  exit                              
00003e5d  ltoa                              
00003eb1  loadTimeDate                      
00003f01  fillmessage                       
00003f4d  atoi                              
00003f99  copy_in                           
00003fe5  HomeScreen                        
0000402d  __aeabi_d2iz                      
00004075  HOSTclose                         
000040b9  HOSTunlink                        
00004185  Char_Convert                      
000041c5  I2C_masterSendMultiByteStart      
00004205  strncpy                           
0000423d  ST7735_SetCursor                  
0000426d  __aeabi_i2d                       
0000429d  ST7735_FillScreen                 
000042c9  remove                            
000042c9  unlink                            
000042f5  SysTick_Init                      
0000431d  lseek                             
00004345  write                             
0000436d  memchr                            
0000438d  Delay1ms                          
000043c7  memccpy                           
000043e5  _args_main                        
000043fd  strcmp                            
00004415  strchr                            
0000442d  CS_setExternalClockSourceFrequency
00004441  _register_unlock                  
00004447  _register_lock                    
0000444f  _nop                              
00004455  copysign                          
00004455  copysignl                         
00004469  strcpy                            
0000447d  strlen                            
00004491  DelayWait10ms                     
000044a3  fputc                             
000044b5  SysCtl_A_disableNMISource         
000044c5  SysCtl_A_enableNMISource          
000044d5  SysCtl_A_getNMISourceStatus       
000044e5  __TI_decompress_none              
000044f3  parrotdelay                       
00004501  Reset_Handler                     
0000450d  __TI_zero_init                    
00004519  CS_startHFXT                      
0000451f  _system_pre_init                  
00004a1f  _ctypes_                          
00004b88  i2cConfig                         
00004c58  __TI_Handler_Table_Base           
00004c64  __TI_Handler_Table_Limit          
00004c70  __TI_CINIT_Base                   
00004c80  __TI_CINIT_Limit                  
20000000  _sys_memory                       
20000800  __CIOBUF_                         
20000920  __TI_tmpnams                      
200009c0  RTC_registers                     
20000a0c  Message                           
20000a20  parmbuf                           
20000a2c  Messageindex                      
20000a30  addr_pointer                      
20000a34  simulatedCalibrationData          
20000a38  _ftable                           
20000b28  _device                           
20000ba0  _stream                           
20000bf0  RTC_ADDRESS                       
20000bf4  bcdSecond                         
20000bf8  bcdMinute                         
20000bfc  bcdHour                           
20000c00  bcdDay                            
20000c04  bcdDate                           
20000c08  bcdMonth                          
20000c0c  bcdYear                           
20000c10  flag                              
20000c14  c                                 
20000c18  StX                               
20000c1c  StY                               
20000c20  StTextColor                       
20000c28  lastj                             
20000c2c  __TI_ft_end                       
20000c30  __aeabi_stdin                     
20000c34  __aeabi_stdout                    
20000c38  __aeabi_stderr                    
20000c3c  __TI_cleanup_ptr                  
20000c40  __TI_dtors_ptr                    
20000c44  __TI_enable_exit_profile_output   
20000c54  _lock                             
20000c58  _unlock                           
20000c5c  errno                             
20000c68  main_func_sp                      
2000fe00  __stack                           
20010000  __STACK_END                       
4000480c  WDTCTL_SYM                        
ffffffff  __TI_pprof_out_hndl               
ffffffff  __TI_prof_data_size               
ffffffff  __TI_prof_data_start              
ffffffff  __binit__                         
ffffffff  __c_args__                        
ffffffff  binit                             
UNDEFED   SHT$$INIT_ARRAY$$Base             
UNDEFED   SHT$$INIT_ARRAY$$Limit            

[238 symbols]
